Archive member included to satisfy reference by file (symbol)

C:/ProgramData/MATLAB/SupportPackages/R2024b/3P.instrset/gnuarm-armcortex.instrset/win/bin/../lib/gcc/arm-none-eabi/13.2.1/thumb/v7e-m+dp/hard\libm.a(libm_a-s_round.o)
                              ENV.o (round)
C:/ProgramData/MATLAB/SupportPackages/R2024b/3P.instrset/gnuarm-armcortex.instrset/win/bin/../lib/gcc/arm-none-eabi/13.2.1/thumb/v7e-m+dp/hard\libc.a(libc_a-exit.o)
                              C:/ProgramData/MATLAB/SupportPackages/R2024b/3P.instrset/gnuarm-armcortex.instrset/win/bin/../lib/gcc/arm-none-eabi/13.2.1/thumb/v7e-m+dp/hard/crt0.o (exit)
C:/ProgramData/MATLAB/SupportPackages/R2024b/3P.instrset/gnuarm-armcortex.instrset/win/bin/../lib/gcc/arm-none-eabi/13.2.1/thumb/v7e-m+dp/hard\libc.a(libc_a-findfp.o)
                              C:/ProgramData/MATLAB/SupportPackages/R2024b/3P.instrset/gnuarm-armcortex.instrset/win/bin/../lib/gcc/arm-none-eabi/13.2.1/thumb/v7e-m+dp/hard\libc.a(libc_a-exit.o) (__stdio_exit_handler)
C:/ProgramData/MATLAB/SupportPackages/R2024b/3P.instrset/gnuarm-armcortex.instrset/win/bin/../lib/gcc/arm-none-eabi/13.2.1/thumb/v7e-m+dp/hard\libc.a(libc_a-fwalk.o)
                              C:/ProgramData/MATLAB/SupportPackages/R2024b/3P.instrset/gnuarm-armcortex.instrset/win/bin/../lib/gcc/arm-none-eabi/13.2.1/thumb/v7e-m+dp/hard\libc.a(libc_a-findfp.o) (_fwalk_sglue)
C:/ProgramData/MATLAB/SupportPackages/R2024b/3P.instrset/gnuarm-armcortex.instrset/win/bin/../lib/gcc/arm-none-eabi/13.2.1/thumb/v7e-m+dp/hard\libc.a(libc_a-stdio.o)
                              C:/ProgramData/MATLAB/SupportPackages/R2024b/3P.instrset/gnuarm-armcortex.instrset/win/bin/../lib/gcc/arm-none-eabi/13.2.1/thumb/v7e-m+dp/hard\libc.a(libc_a-findfp.o) (__sread)
C:/ProgramData/MATLAB/SupportPackages/R2024b/3P.instrset/gnuarm-armcortex.instrset/win/bin/../lib/gcc/arm-none-eabi/13.2.1/thumb/v7e-m+dp/hard\libc.a(libc_a-memset.o)
                              C:/ProgramData/MATLAB/SupportPackages/R2024b/3P.instrset/gnuarm-armcortex.instrset/win/bin/../lib/gcc/arm-none-eabi/13.2.1/thumb/v7e-m+dp/hard/crt0.o (memset)
C:/ProgramData/MATLAB/SupportPackages/R2024b/3P.instrset/gnuarm-armcortex.instrset/win/bin/../lib/gcc/arm-none-eabi/13.2.1/thumb/v7e-m+dp/hard\libc.a(libc_a-closer.o)
                              C:/ProgramData/MATLAB/SupportPackages/R2024b/3P.instrset/gnuarm-armcortex.instrset/win/bin/../lib/gcc/arm-none-eabi/13.2.1/thumb/v7e-m+dp/hard\libc.a(libc_a-stdio.o) (_close_r)
C:/ProgramData/MATLAB/SupportPackages/R2024b/3P.instrset/gnuarm-armcortex.instrset/win/bin/../lib/gcc/arm-none-eabi/13.2.1/thumb/v7e-m+dp/hard\libc.a(libc_a-reent.o)
                              C:/ProgramData/MATLAB/SupportPackages/R2024b/3P.instrset/gnuarm-armcortex.instrset/win/bin/../lib/gcc/arm-none-eabi/13.2.1/thumb/v7e-m+dp/hard\libc.a(libc_a-closer.o) (errno)
C:/ProgramData/MATLAB/SupportPackages/R2024b/3P.instrset/gnuarm-armcortex.instrset/win/bin/../lib/gcc/arm-none-eabi/13.2.1/thumb/v7e-m+dp/hard\libc.a(libc_a-impure.o)
                              C:/ProgramData/MATLAB/SupportPackages/R2024b/3P.instrset/gnuarm-armcortex.instrset/win/bin/../lib/gcc/arm-none-eabi/13.2.1/thumb/v7e-m+dp/hard\libc.a(libc_a-reent.o) (_impure_ptr)
C:/ProgramData/MATLAB/SupportPackages/R2024b/3P.instrset/gnuarm-armcortex.instrset/win/bin/../lib/gcc/arm-none-eabi/13.2.1/thumb/v7e-m+dp/hard\libc.a(libc_a-lseekr.o)
                              C:/ProgramData/MATLAB/SupportPackages/R2024b/3P.instrset/gnuarm-armcortex.instrset/win/bin/../lib/gcc/arm-none-eabi/13.2.1/thumb/v7e-m+dp/hard\libc.a(libc_a-stdio.o) (_lseek_r)
C:/ProgramData/MATLAB/SupportPackages/R2024b/3P.instrset/gnuarm-armcortex.instrset/win/bin/../lib/gcc/arm-none-eabi/13.2.1/thumb/v7e-m+dp/hard\libc.a(libc_a-readr.o)
                              C:/ProgramData/MATLAB/SupportPackages/R2024b/3P.instrset/gnuarm-armcortex.instrset/win/bin/../lib/gcc/arm-none-eabi/13.2.1/thumb/v7e-m+dp/hard\libc.a(libc_a-stdio.o) (_read_r)
C:/ProgramData/MATLAB/SupportPackages/R2024b/3P.instrset/gnuarm-armcortex.instrset/win/bin/../lib/gcc/arm-none-eabi/13.2.1/thumb/v7e-m+dp/hard\libc.a(libc_a-writer.o)
                              C:/ProgramData/MATLAB/SupportPackages/R2024b/3P.instrset/gnuarm-armcortex.instrset/win/bin/../lib/gcc/arm-none-eabi/13.2.1/thumb/v7e-m+dp/hard\libc.a(libc_a-stdio.o) (_write_r)
C:/ProgramData/MATLAB/SupportPackages/R2024b/3P.instrset/gnuarm-armcortex.instrset/win/bin/../lib/gcc/arm-none-eabi/13.2.1/thumb/v7e-m+dp/hard\libc.a(libc_a-errno.o)
                              syscalls.o (__errno)
C:/ProgramData/MATLAB/SupportPackages/R2024b/3P.instrset/gnuarm-armcortex.instrset/win/bin/../lib/gcc/arm-none-eabi/13.2.1/thumb/v7e-m+dp/hard\libc.a(libc_a-init.o)
                              C:/ProgramData/MATLAB/SupportPackages/R2024b/3P.instrset/gnuarm-armcortex.instrset/win/bin/../lib/gcc/arm-none-eabi/13.2.1/thumb/v7e-m+dp/hard/crt0.o (__libc_init_array)
[...]
Memory Configuration

Name             Origin             Length             Attributes
ITCMRAM          0x00000000         0x00010000         xrw
FLASH            0x08000000         0x00200000         xr
DTCMRAM1         0x20000000         0x00010000         xrw
DTCMRAM2         0x20010000         0x00010000         xrw
RAM              0x24000000         0x00100000         xrw
RAM_CD           0x30000000         0x00020000         xrw
RAM_SRD          0x38000000         0x00008000         xrw
*default*        0x00000000         0xffffffff
RAM_D2           0x00000000         0xffffffff
RAM_D3           0x00000000         0xffffffff

Linker script and memory map

LOAD C:/ProgramData/MATLAB/SupportPackages/R2024b/3P.instrset/gnuarm-armcortex.instrset/win/bin/../lib/gcc/arm-none-eabi/13.2.1/thumb/v7e-m+dp/hard/crti.o
LOAD C:/ProgramData/MATLAB/SupportPackages/R2024b/3P.instrset/gnuarm-armcortex.instrset/win/bin/../lib/gcc/arm-none-eabi/13.2.1/thumb/v7e-m+dp/hard/crtbegin.o
LOAD C:/ProgramData/MATLAB/SupportPackages/R2024b/3P.instrset/gnuarm-armcortex.instrset/win/bin/../lib/gcc/arm-none-eabi/13.2.1/thumb/v7e-m+dp/hard/crt0.o
LOAD mw_stm32_spi_ll.o
LOAD ENV.o
LOAD ENV_data.o
LOAD ert_main.o
LOAD overrideHALDelay.o
LOAD platform_timer.o
LOAD SysTickScheduler.o
LOAD m3m4m4f_multitasking.o
LOAD main.o
LOAD stm32h7xx_it.o
LOAD stm32h7xx_hal_msp.o
LOAD stm32h7xx_hal_timebase_tim.o
LOAD stm32h7xx_ll_exti.o
LOAD stm32h7xx_hal_tim.o
LOAD stm32h7xx_hal_tim_ex.o
LOAD stm32h7xx_ll_gpio.o
LOAD stm32h7xx_ll_rcc.o
LOAD stm32h7xx_ll_utils.o
LOAD stm32h7xx_hal_rcc.o
LOAD stm32h7xx_hal_rcc_ex.o
LOAD stm32h7xx_hal_flash.o
LOAD stm32h7xx_hal_flash_ex.o
LOAD stm32h7xx_hal_gpio.o
LOAD stm32h7xx_hal_hsem.o
LOAD stm32h7xx_hal_dma.o
LOAD stm32h7xx_hal_dma_ex.o
LOAD stm32h7xx_hal_mdma.o
LOAD stm32h7xx_hal_pwr.o
LOAD stm32h7xx_hal_pwr_ex.o
LOAD stm32h7xx_hal_cortex.o
LOAD stm32h7xx_hal.o
LOAD stm32h7xx_hal_i2c.o
LOAD stm32h7xx_hal_i2c_ex.o
LOAD stm32h7xx_hal_exti.o
LOAD stm32h7xx_ll_spi.o
LOAD stm32h7xx_ll_dma.o
LOAD system_stm32h7xx.o
LOAD syscalls.o
LOAD sysmem.o
LOAD startup_stm32h7a3ritx.o
LOAD C:/ProgramData/MATLAB/SupportPackages/R2024b/3P.instrset/cmsis_dsp.instrset/Lib/GCC/arm_cortexm7ldfdp_math/libCMSISDSP.a
LOAD C:/ProgramData/MATLAB/SupportPackages/R2024b/toolbox/shared/supportpackages/stm32/lib/GCC/libmw_pdmfilter_m7_dpfp.lib
LOAD C:/ProgramData/MATLAB/SupportPackages/R2024b/3P.instrset/gnuarm-armcortex.instrset/win/bin/../lib/gcc/arm-none-eabi/13.2.1/thumb/v7e-m+dp/hard\libstdc++.a
LOAD C:/ProgramData/MATLAB/SupportPackages/R2024b/3P.instrset/gnuarm-armcortex.instrset/win/bin/../lib/gcc/arm-none-eabi/13.2.1/thumb/v7e-m+dp/hard\libm.a
START GROUP
LOAD C:/ProgramData/MATLAB/SupportPackages/R2024b/3P.instrset/gnuarm-armcortex.instrset/win/bin/../lib/gcc/arm-none-eabi/13.2.1/thumb/v7e-m+dp/hard\libgcc.a
LOAD C:/ProgramData/MATLAB/SupportPackages/R2024b/3P.instrset/gnuarm-armcortex.instrset/win/bin/../lib/gcc/arm-none-eabi/13.2.1/thumb/v7e-m+dp/hard\libc.a
END GROUP
START GROUP
LOAD C:/ProgramData/MATLAB/SupportPackages/R2024b/3P.instrset/gnuarm-armcortex.instrset/win/bin/../lib/gcc/arm-none-eabi/13.2.1/thumb/v7e-m+dp/hard\libgcc.a
LOAD C:/ProgramData/MATLAB/SupportPackages/R2024b/3P.instrset/gnuarm-armcortex.instrset/win/bin/../lib/gcc/arm-none-eabi/13.2.1/thumb/v7e-m+dp/hard\libc.a
LOAD C:/ProgramData/MATLAB/SupportPackages/R2024b/3P.instrset/gnuarm-armcortex.instrset/win/bin/../lib/gcc/arm-none-eabi/13.2.1/thumb/v7e-m+dp/hard\libnosys.a
END GROUP
LOAD C:/ProgramData/MATLAB/SupportPackages/R2024b/3P.instrset/gnuarm-armcortex.instrset/win/bin/../lib/gcc/arm-none-eabi/13.2.1/thumb/v7e-m+dp/hard/crtend.o
LOAD C:/ProgramData/MATLAB/SupportPackages/R2024b/3P.instrset/gnuarm-armcortex.instrset/win/bin/../lib/gcc/arm-none-eabi/13.2.1/thumb/v7e-m+dp/hard/crtn.o
                0x24100000                        _estack = (ORIGIN (RAM) + LENGTH (RAM))
                0x00000200                        _Min_Heap_Size = 0x200
                0x00000400                        _Min_Stack_Size = 0x400

.isr_vector     0x08000000      0x2ac
                0x08000000                        . = ALIGN (0x4)
 *(.isr_vector)
 .isr_vector    0x08000000      0x2ac startup_stm32h7a3ritx.o
                0x08000000                g_pfnVectors
                0x080002ac                        . = ALIGN (0x4)

.text           0x080002b0     0x6aa8
                0x080002b0                        . = ALIGN (0x4)
 *(.text)
 *(.text*)
 .text.deregister_tm_clones
                0x080002b0       0x1c C:/ProgramData/MATLAB/SupportPackages/R2024b/3P.instrset/gnuarm-armcortex.instrset/win/bin/../lib/gcc/arm-none-eabi/13.2.1/thumb/v7e-m+dp/hard/crtbegin.o
 .text.register_tm_clones
                0x080002cc       0x24 C:/ProgramData/MATLAB/SupportPackages/R2024b/3P.instrset/gnuarm-armcortex.instrset/win/bin/../lib/gcc/arm-none-eabi/13.2.1/thumb/v7e-m+dp/hard/crtbegin.o
 .text.__do_global_dtors_aux
                0x080002f0       0x28 C:/ProgramData/MATLAB/SupportPackages/R2024b/3P.instrset/gnuarm-armcortex.instrset/win/bin/../lib/gcc/arm-none-eabi/13.2.1/thumb/v7e-m+dp/hard/crtbegin.o
 .text.frame_dummy
                0x08000318       0x24 C:/ProgramData/MATLAB/SupportPackages/R2024b/3P.instrset/gnuarm-armcortex.instrset/win/bin/../lib/gcc/arm-none-eabi/13.2.1/thumb/v7e-m+dp/hard/crtbegin.o
 .text.LL_SPI_Enable
                0x0800033c       0x20 mw_stm32_spi_ll.o
 .text.LL_SPI_Disable
                0x0800035c       0x20 mw_stm32_spi_ll.o
 .text.LL_SPI_IsEnabled
                0x0800037c       0x26 mw_stm32_spi_ll.o
 .text.LL_SPI_GetMode
                0x080003a2       0x1c mw_stm32_spi_ll.o
 .text.LL_SPI_SuspendMasterTransfer
                0x080003be       0x20 mw_stm32_spi_ll.o
 .text.LL_SPI_StartMasterTransfer
                0x080003de       0x20 mw_stm32_spi_ll.o
 .text.LL_SPI_SetClockPhase
                0x080003fe       0x26 mw_stm32_spi_ll.o
 .text.LL_SPI_GetClockPhase
                0x08000424       0x1c mw_stm32_spi_ll.o
 .text.LL_SPI_SetClockPolarity
                0x08000440       0x26 mw_stm32_spi_ll.o
 .text.LL_SPI_GetClockPolarity
                0x08000466       0x1c mw_stm32_spi_ll.o
 .text.LL_SPI_GetTransferDirection
                0x08000482       0x2e mw_stm32_spi_ll.o
 .text.LL_SPI_SetDataWidth
                0x080004b0       0x26 mw_stm32_spi_ll.o
 .text.LL_SPI_GetDataWidth
                0x080004d6       0x1c mw_stm32_spi_ll.o
 .text.LL_SPI_IsActiveFlag_RXP
                0x080004f2       0x26 mw_stm32_spi_ll.o
 .text.LL_SPI_IsActiveFlag_EOT
                0x08000518       0x26 mw_stm32_spi_ll.o
 .text.LL_SPI_IsActiveFlag_TXC
                0x0800053e       0x28 mw_stm32_spi_ll.o
 .text.LL_SPI_IsActiveFlag_RXWNE
                0x08000566       0x28 mw_stm32_spi_ll.o
 .text.LL_SPI_GetRxFIFOPackingLevel
                0x0800058e       0x1c mw_stm32_spi_ll.o
 .text.LL_SPI_ReceiveData8
                0x080005aa       0x1c mw_stm32_spi_ll.o
 .text.MW_SPI_Disable
                0x080005c6       0xc6 mw_stm32_spi_ll.o
 .text.SPI_STM32_Init
                0x0800068c       0x88 mw_stm32_spi_ll.o
                0x0800068c                SPI_STM32_Init
 .text.MW_STM32_SPI_SetFormat
                0x08000714      0x1f2 mw_stm32_spi_ll.o
                0x08000714                MW_STM32_SPI_SetFormat
 .text.MW_SPI_Close
                0x08000906       0x1a mw_stm32_spi_ll.o
                0x08000906                MW_SPI_Close
 .text.LL_SPI_Enable
                0x08000920       0x20 ENV.o
 .text.LL_SPI_IsEnabled
                0x08000940       0x26 ENV.o
 .text.LL_SPI_IsActiveFlag_TXP
                0x08000966       0x26 ENV.o
 .text.LL_SPI_IsActiveFlag_RXWNE
                0x0800098c       0x28 ENV.o
 .text.LL_SPI_GetRxFIFOPackingLevel
                0x080009b4       0x1c ENV.o
 .text.LL_SPI_ReceiveData8
                0x080009d0       0x1c ENV.o
 .text.LL_SPI_ReceiveData16
                0x080009ec       0x1a ENV.o
 .text.LL_SPI_ReceiveData32
                0x08000a06       0x18 ENV.o
 .text.LL_SPI_TransmitData8
                0x08000a1e       0x20 ENV.o
 .text.LL_SPI_TransmitData16
                0x08000a3e       0x24 ENV.o
 .text.LL_SPI_TransmitData32
                0x08000a62       0x1c ENV.o
 .text.LL_GPIO_ReadInputPort
                0x08000a7e       0x18 ENV.o
 .text.LL_GPIO_SetOutputPin
                0x08000a96       0x1c ENV.o
 .text.LL_GPIO_ResetOutputPin
                0x08000ab2       0x1e ENV.o
 .text.MW_SPI_MasterWriteRead_Databits
                0x08000ad0      0x300 ENV.o
 .text.LL_TIM_EnableCounter
                0x08000dd0       0x20 ENV.o
 .text.ENV_MATLABFunction
                0x08000df0      0x160 ENV.o
                0x08000df0                ENV_MATLABFunction
 .text.ENV_SPIControllerTransfer_Init
                0x08000f50       0x50 ENV.o
                0x08000f50                ENV_SPIControllerTransfer_Init
 .text.ENV_SPIControllerTransfer
                0x08000fa0       0x60 ENV.o
                0x08000fa0                ENV_SPIControllerTransfer
 .text.ENV_SPIControllerTransfer_Term
                0x08001000       0x46 ENV.o
                0x08001000                ENV_SPIControllerTransfer_Term
 *fill*         0x08001046        0x2 
 .text.ENV_SPIControllerTransfer1_Init
                0x08001048       0x50 ENV.o
                0x08001048                ENV_SPIControllerTransfer1_Init
 .text.ENV_SPIControllerTransfer1
                0x08001098       0x64 ENV.o
                0x08001098                ENV_SPIControllerTransfer1
 .text.ENV_SPIControllerTransfer1_Term
                0x080010fc       0x46 ENV.o
                0x080010fc                ENV_SPIControllerTransfer1_Term
 .text.ENV_MATLABFunction1
                0x08001142       0x82 ENV.o
                0x08001142                ENV_MATLABFunction1
 .text.E_SPIControllerTransfer1_i_Init
                0x080011c4       0x50 ENV.o
                0x080011c4                E_SPIControllerTransfer1_i_Init
 .text.ENV_SPIControllerTransfer1_p
                0x08001214       0x60 ENV.o
                0x08001214                ENV_SPIControllerTransfer1_p
 .text.E_SPIControllerTransfer1_c_Term
                0x08001274       0x46 ENV.o
                0x08001274                E_SPIControllerTransfer1_c_Term
 *fill*         0x080012ba        0x2 
 .text.E_SPIControllerTransfer1_h_Init
                0x080012bc       0x50 ENV.o
                0x080012bc                E_SPIControllerTransfer1_h_Init
 .text.ENV_SPIControllerTransfer1_pn
                0x0800130c       0x64 ENV.o
                0x0800130c                ENV_SPIControllerTransfer1_pn
 .text.E_SPIControllerTransfer1_d_Term
                0x08001370       0x46 ENV.o
                0x08001370                E_SPIControllerTransfer1_d_Term
 *fill*         0x080013b6        0x2 
 .text.E_SPIControllerTransfer1_n_Init
                0x080013b8       0x50 ENV.o
                0x080013b8                E_SPIControllerTransfer1_n_Init
 .text.ENV_SPIControllerTransfer1_pna
                0x08001408       0x60 ENV.o
                0x08001408                ENV_SPIControllerTransfer1_pna
 .text.E_SPIControllerTransfer1_e_Term
                0x08001468       0x46 ENV.o
                0x08001468                E_SPIControllerTransfer1_e_Term
 *fill*         0x080014ae        0x2 
 .text.ENV_SPIControllerTransfer4_Init
                0x080014b0       0x50 ENV.o
                0x080014b0                ENV_SPIControllerTransfer4_Init
 .text.ENV_SPIControllerTransfer4
                0x08001500       0x60 ENV.o
                0x08001500                ENV_SPIControllerTransfer4
 .text.ENV_SPIControllerTransfer4_Term
                0x08001560       0x46 ENV.o
                0x08001560                ENV_SPIControllerTransfer4_Term
 *fill*         0x080015a6        0x2 
 .text.E_SPIControllerTransfer1_j_Init
                0x080015a8       0x50 ENV.o
                0x080015a8                E_SPIControllerTransfer1_j_Init
 .text.ENV_SPIControllerTransfer1_pnae
                0x080015f8       0x64 ENV.o
                0x080015f8                ENV_SPIControllerTransfer1_pnae
 .text.E_SPIControllerTransfer1_k_Term
                0x0800165c       0x46 ENV.o
                0x0800165c                E_SPIControllerTransfer1_k_Term
 *fill*         0x080016a2        0x2 
 .text.E_SPIControllerTransfer4_g_Init
                0x080016a4       0x50 ENV.o
                0x080016a4                E_SPIControllerTransfer4_g_Init
 .text.ENV_SPIControllerTransfer4_p
                0x080016f4       0x64 ENV.o
                0x080016f4                ENV_SPIControllerTransfer4_p
 .text.E_SPIControllerTransfer4_e_Term
                0x08001758       0x46 ENV.o
                0x08001758                E_SPIControllerTransfer4_e_Term
 .text.ENV_Initialize_Init
                0x0800179e       0x1e ENV.o
                0x0800179e                ENV_Initialize_Init
 .text.ENV_Initialize
                0x080017bc       0x32 ENV.o
                0x080017bc                ENV_Initialize
 *fill*         0x080017ee        0x2 
 .text.E_SPIControllerTransfer1_k_Init
                0x080017f0       0x50 ENV.o
                0x080017f0                E_SPIControllerTransfer1_k_Init
 .text.EN_SPIControllerTransfer1_pnaev
                0x08001840       0x60 ENV.o
                0x08001840                EN_SPIControllerTransfer1_pnaev
 .text.E_SPIControllerTransfer1_l_Term
                0x080018a0       0x46 ENV.o
                0x080018a0                E_SPIControllerTransfer1_l_Term
 *fill*         0x080018e6        0x2 
 .text.ENV_SPIControllerTransfer5_Init
                0x080018e8       0x50 ENV.o
                0x080018e8                ENV_SPIControllerTransfer5_Init
 .text.ENV_SPIControllerTransfer5
                0x08001938       0x60 ENV.o
                0x08001938                ENV_SPIControllerTransfer5
 .text.ENV_SPIControllerTransfer5_Term
                0x08001998       0x46 ENV.o
                0x08001998                ENV_SPIControllerTransfer5_Term
 *fill*         0x080019de        0x2 
 .text.SPIControllerTransfer1_na_Init
                0x080019e0       0x50 ENV.o
                0x080019e0                SPIControllerTransfer1_na_Init
 .text.E_SPIControllerTransfer1_pnaevv
                0x08001a30       0x60 ENV.o
                0x08001a30                E_SPIControllerTransfer1_pnaevv
 .text.E_SPIControllerTransfer1_b_Term
                0x08001a90       0x46 ENV.o
                0x08001a90                E_SPIControllerTransfer1_b_Term
 *fill*         0x08001ad6        0x2 
 .text.E_SPIControllerTransfer4_e_Init
                0x08001ad8       0x50 ENV.o
                0x08001ad8                E_SPIControllerTransfer4_e_Init
 .text.ENV_SPIControllerTransfer4_pn
                0x08001b28       0x60 ENV.o
                0x08001b28                ENV_SPIControllerTransfer4_pn
 .text.E_SPIControllerTransfer4_o_Term
                0x08001b88       0x46 ENV.o
                0x08001b88                E_SPIControllerTransfer4_o_Term
 *fill*         0x08001bce        0x2 
 .text.ENV_step
                0x08001bd0     0x14d4 ENV.o
                0x08001bd0                ENV_step
 .text.ENV_initialize
                0x080030a4     0x16c0 ENV.o
                0x080030a4                ENV_initialize
 .text.ENV_terminate
                0x08004764      0x3e4 ENV.o
                0x08004764                ENV_terminate
 .text.rt_OneStep
                0x08004b48       0x4c ert_main.o
                0x08004b48                rt_OneStep
 .text.main     0x08004b94       0xcc ert_main.o
                0x08004b94                main
 .text.PeriphCommonClock_Config
                0x08004c60       0x10 platform_timer.o
                0x08004c60                PeriphCommonClock_Config
 .text.getCurrentTimestampInMicros
                0x08004c70       0x40 platform_timer.o
                0x08004c70                getCurrentTimestampInMicros
 .text.returnTimeElapsed
                0x08004cb0       0x2c platform_timer.o
                0x08004cb0                returnTimeElapsed
 .text.__NVIC_SetPriority
                0x08004cdc       0x54 SysTickScheduler.o
 .text.SysTick_Config
                0x08004d30       0x44 SysTickScheduler.o
 .text.SysTick_Isr
                0x08004d74       0x48 SysTickScheduler.o
 .text.SysTick_Handler
                0x08004dbc       0x20 SysTickScheduler.o
                0x08004dbc                SysTick_Handler
 .text.ARMCM_SysTick_Config
                0x08004ddc       0xb0 SysTickScheduler.o
                0x08004ddc                ARMCM_SysTick_Config
 .text.PendSV_Handler
                0x08004e8c       0x44 m3m4m4f_multitasking.o
                0x08004e8c                PendSV_Handler
 .text.SVC_Handler
                0x08004ed0       0x58 m3m4m4f_multitasking.o
                0x08004ed0                SVC_Handler
 .text.LL_RCC_HSI_Enable
                0x08004f28       0x20 main.o
 .text.LL_RCC_HSI_IsReady
                0x08004f48       0x24 main.o
 .text.LL_RCC_HSI_SetDivider
                0x08004f6c       0x28 main.o
 .text.LL_RCC_HSI_SetCalibTrimming
                0x08004f94       0x2c main.o
 .text.LL_RCC_SetSysClkSource
                0x08004fc0       0x28 main.o
 .text.LL_RCC_GetSysClkSource
                0x08004fe8       0x1c main.o
 .text.LL_RCC_SetAHBPrescaler
                0x08005004       0x28 main.o
 .text.LL_RCC_SetAPB1Prescaler
                0x0800502c       0x28 main.o
 .text.LL_RCC_SetAPB2Prescaler
                0x08005054       0x28 main.o
 .text.LL_RCC_SetAPB3Prescaler
                0x0800507c       0x28 main.o
 .text.LL_RCC_SetAPB4Prescaler
                0x080050a4       0x28 main.o
 .text.LL_RCC_SetClockSource
                0x080050cc       0x54 main.o
 .text.LL_RCC_SetSPIClockSource
                0x08005120       0x16 main.o
 *fill*         0x08005136        0x2 
 .text.LL_RCC_PLL_SetSource
                0x08005138       0x28 main.o
 .text.LL_RCC_PLL1_Enable
                0x08005160       0x20 main.o
 .text.LL_RCC_PLL1_IsReady
                0x08005180       0x28 main.o
 .text.LL_RCC_PLL1P_Enable
                0x080051a8       0x20 main.o
 .text.LL_RCC_PLL1Q_Enable
                0x080051c8       0x20 main.o
 .text.LL_RCC_PLL1_SetVCOOutputRange
                0x080051e8       0x2c main.o
 .text.LL_RCC_PLL1_SetVCOInputRange
                0x08005214       0x2c main.o
 .text.LL_RCC_PLL1_SetN
                0x08005240       0x30 main.o
 .text.LL_RCC_PLL1_SetM
                0x08005270       0x2c main.o
 .text.LL_RCC_PLL1_SetP
                0x0800529c       0x2c main.o
 .text.LL_RCC_PLL1_SetQ
                0x080052c8       0x2c main.o
 .text.LL_RCC_PLL1_SetR
                0x080052f4       0x2c main.o
 .text.LL_AHB4_GRP1_EnableClock
                0x08005320       0x38 main.o
 .text.LL_APB2_GRP1_EnableClock
                0x08005358       0x38 main.o
 .text.LL_FLASH_SetLatency
                0x08005390       0x28 main.o
 .text.LL_FLASH_GetLatency
                0x080053b8       0x1c main.o
 .text.LL_PWR_ConfigSupply
                0x080053d4       0x28 main.o
 .text.LL_PWR_SetRegulVoltageScaling
                0x080053fc       0x28 main.o
 .text.LL_PWR_IsActiveFlag_VOS
                0x08005424       0x28 main.o
 .text.LL_SPI_SetStandard
                0x0800544c       0x26 main.o
 .text.LL_SPI_SetFIFOThreshold
                0x08005472       0x26 main.o
 .text.LL_SPI_DisableNSSPulseMgt
                0x08005498       0x20 main.o
 .text.LL_GPIO_SetOutputPin
                0x080054b8       0x1c main.o
 .text.LL_GPIO_ResetOutputPin
                0x080054d4       0x1e main.o
 *fill*         0x080054f2        0x2 
 .text.SystemClock_Config
                0x080054f4       0xf0 main.o
                0x080054f4                SystemClock_Config
 .text.MX_SPI1_Init
                0x080055e4       0xc0 main.o
                0x080055e4                MX_SPI1_Init
 .text.MX_GPIO_Init
                0x080056a4      0x124 main.o
                0x080056a4                MX_GPIO_Init
 .text.HAL_TIM_PeriodElapsedCallback
                0x080057c8       0x24 main.o
                0x080057c8                HAL_TIM_PeriodElapsedCallback
 .text.Error_Handler
                0x080057ec        0xc main.o
                0x080057ec                Error_Handler
 .text.NMI_Handler
                0x080057f8        0x8 stm32h7xx_it.o
                0x080057f8                NMI_Handler
 .text.HardFault_Handler
                0x08005800        0x8 stm32h7xx_it.o
                0x08005800                HardFault_Handler
 .text.MemManage_Handler
                0x08005808        0x8 stm32h7xx_it.o
                0x08005808                MemManage_Handler
 .text.BusFault_Handler
                0x08005810        0x8 stm32h7xx_it.o
                0x08005810                BusFault_Handler
 .text.UsageFault_Handler
                0x08005818        0x8 stm32h7xx_it.o
                0x08005818                UsageFault_Handler
 .text.DebugMon_Handler
                0x08005820        0xe stm32h7xx_it.o
                0x08005820                DebugMon_Handler
 *fill*         0x0800582e        0x2 
 .text.TIM1_UP_IRQHandler
                0x08005830       0x14 stm32h7xx_it.o
                0x08005830                TIM1_UP_IRQHandler
 .text.HAL_MspInit
                0x08005844       0x34 stm32h7xx_hal_msp.o
                0x08005844                HAL_MspInit
 .text.HAL_InitTick
                0x08005878       0xc4 stm32h7xx_hal_timebase_tim.o
                0x08005878                HAL_InitTick
 .text.HAL_TIM_Base_Init
                0x0800593c       0xae stm32h7xx_hal_tim.o
                0x0800593c                HAL_TIM_Base_Init
 .text.HAL_TIM_Base_MspInit
                0x080059ea       0x14 stm32h7xx_hal_tim.o
                0x080059ea                HAL_TIM_Base_MspInit
 *fill*         0x080059fe        0x2 
 .text.HAL_TIM_Base_Start_IT
                0x08005a00       0xf0 stm32h7xx_hal_tim.o
                0x08005a00                HAL_TIM_Base_Start_IT
 .text.HAL_TIM_IRQHandler
                0x08005af0      0x23e stm32h7xx_hal_tim.o
                0x08005af0                HAL_TIM_IRQHandler
 .text.HAL_TIM_OC_DelayElapsedCallback
                0x08005d2e       0x14 stm32h7xx_hal_tim.o
                0x08005d2e                HAL_TIM_OC_DelayElapsedCallback
 .text.HAL_TIM_IC_CaptureCallback
                0x08005d42       0x14 stm32h7xx_hal_tim.o
                0x08005d42                HAL_TIM_IC_CaptureCallback
 .text.HAL_TIM_PWM_PulseFinishedCallback
                0x08005d56       0x14 stm32h7xx_hal_tim.o
                0x08005d56                HAL_TIM_PWM_PulseFinishedCallback
 .text.HAL_TIM_TriggerCallback
                0x08005d6a       0x14 stm32h7xx_hal_tim.o
                0x08005d6a                HAL_TIM_TriggerCallback
 *fill*         0x08005d7e        0x2 
 .text.TIM_Base_SetConfig
                0x08005d80      0x134 stm32h7xx_hal_tim.o
                0x08005d80                TIM_Base_SetConfig
 .text.HAL_TIMEx_CommutCallback
                0x08005eb4       0x14 stm32h7xx_hal_tim_ex.o
                0x08005eb4                HAL_TIMEx_CommutCallback
 .text.HAL_TIMEx_BreakCallback
                0x08005ec8       0x14 stm32h7xx_hal_tim_ex.o
                0x08005ec8                HAL_TIMEx_BreakCallback
 .text.HAL_TIMEx_Break2Callback
                0x08005edc       0x14 stm32h7xx_hal_tim_ex.o
                0x08005edc                HAL_TIMEx_Break2Callback
 .text.LL_GPIO_SetPinMode
                0x08005ef0       0x40 stm32h7xx_ll_gpio.o
 .text.LL_GPIO_SetPinOutputType
                0x08005f30       0x30 stm32h7xx_ll_gpio.o
 .text.LL_GPIO_SetPinSpeed
                0x08005f60       0x40 stm32h7xx_ll_gpio.o
 .text.LL_GPIO_SetPinPull
                0x08005fa0       0x40 stm32h7xx_ll_gpio.o
 .text.LL_GPIO_SetAFPin_0_7
                0x08005fe0       0x58 stm32h7xx_ll_gpio.o
 .text.LL_GPIO_SetAFPin_8_15
                0x08006038       0x6c stm32h7xx_ll_gpio.o
 .text.LL_GPIO_Init
                0x080060a4       0xdc stm32h7xx_ll_gpio.o
                0x080060a4                LL_GPIO_Init
 .text.LL_SetSystemCoreClock
                0x08006180       0x20 stm32h7xx_ll_utils.o
                0x08006180                LL_SetSystemCoreClock
 .text.HAL_RCC_GetSysClockFreq
                0x080061a0      0x2f4 stm32h7xx_hal_rcc.o
                0x080061a0                HAL_RCC_GetSysClockFreq
 .text.HAL_RCC_GetHCLKFreq
                0x08006494       0x60 stm32h7xx_hal_rcc.o
                0x08006494                HAL_RCC_GetHCLKFreq
 .text.HAL_RCC_GetPCLK2Freq
                0x080064f4       0x2c stm32h7xx_hal_rcc.o
                0x080064f4                HAL_RCC_GetPCLK2Freq
 .text.HAL_RCC_GetClockConfig
                0x08006520       0x84 stm32h7xx_hal_rcc.o
                0x08006520                HAL_RCC_GetClockConfig
 .text.__NVIC_SetPriorityGrouping
                0x080065a4       0x48 stm32h7xx_hal_cortex.o
 .text.__NVIC_GetPriorityGrouping
                0x080065ec       0x1c stm32h7xx_hal_cortex.o
 .text.__NVIC_EnableIRQ
                0x08006608       0x3c stm32h7xx_hal_cortex.o
 .text.__NVIC_SetPriority
                0x08006644       0x54 stm32h7xx_hal_cortex.o
 .text.NVIC_EncodePriority
                0x08006698       0x66 stm32h7xx_hal_cortex.o
 .text.HAL_NVIC_SetPriorityGrouping
                0x080066fe       0x16 stm32h7xx_hal_cortex.o
                0x080066fe                HAL_NVIC_SetPriorityGrouping
 .text.HAL_NVIC_SetPriority
                0x08006714       0x34 stm32h7xx_hal_cortex.o
                0x08006714                HAL_NVIC_SetPriority
 .text.HAL_NVIC_EnableIRQ
                0x08006748       0x1c stm32h7xx_hal_cortex.o
                0x08006748                HAL_NVIC_EnableIRQ
 .text.HAL_Init
                0x08006764       0x78 stm32h7xx_hal.o
                0x08006764                HAL_Init
 .text.HAL_IncTick
                0x080067dc       0x28 stm32h7xx_hal.o
                0x080067dc                HAL_IncTick
 .text.HAL_GetTick
                0x08006804       0x18 stm32h7xx_hal.o
                0x08006804                HAL_GetTick
 .text.LL_SPI_IsEnabled
                0x0800681c       0x26 stm32h7xx_ll_spi.o
 .text.LL_SPI_SetInternalSSLevel
                0x08006842       0x26 stm32h7xx_ll_spi.o
 .text.LL_SPI_GetNSSPolarity
                0x08006868       0x1c stm32h7xx_ll_spi.o
 .text.LL_SPI_SetCRCPolynomial
                0x08006884       0x1c stm32h7xx_ll_spi.o
 .text.LL_SPI_Init
                0x080068a0      0x100 stm32h7xx_ll_spi.o
                0x080068a0                LL_SPI_Init
 .text.SystemInit
                0x080069a0       0xf0 system_stm32h7xx.o
                0x080069a0                SystemInit
 .text.Reset_Handler
                0x08006a90       0x50 startup_stm32h7a3ritx.o
                0x08006a90                Reset_Handler
 .text.Default_Handler
                0x08006ae0        0x2 startup_stm32h7a3ritx.o
                0x08006ae0                RTC_Alarm_IRQHandler
                0x08006ae0                EXTI2_IRQHandler
                0x08006ae0                TIM8_CC_IRQHandler
                0x08006ae0                UART8_IRQHandler
                0x08006ae0                BDMA2_Channel1_IRQHandler
                0x08006ae0                SPI4_IRQHandler
                0x08006ae0                BDMA2_Channel0_IRQHandler
                0x08006ae0                TIM1_CC_IRQHandler
                0x08006ae0                DMA2_Stream5_IRQHandler
                0x08006ae0                JPEG_IRQHandler
                0x08006ae0                DMA1_Stream5_IRQHandler
                0x08006ae0                EXTI3_IRQHandler
                0x08006ae0                LPTIM4_IRQHandler
                0x08006ae0                TIM8_TRG_COM_TIM14_IRQHandler
                0x08006ae0                LPTIM2_IRQHandler
                0x08006ae0                DFSDM1_FLT1_IRQHandler
                0x08006ae0                DMAMUX2_OVR_IRQHandler
                0x08006ae0                GFXMMU_IRQHandler
                0x08006ae0                TIM8_UP_TIM13_IRQHandler
                0x08006ae0                I2C3_ER_IRQHandler
                0x08006ae0                DFSDM1_FLT2_IRQHandler
                0x08006ae0                USART10_IRQHandler
                0x08006ae0                MDMA_IRQHandler
                0x08006ae0                LPTIM3_IRQHandler
                0x08006ae0                BDMA2_Channel3_IRQHandler
                0x08006ae0                HSEM1_IRQHandler
                0x08006ae0                EXTI0_IRQHandler
                0x08006ae0                I2C2_EV_IRQHandler
                0x08006ae0                DAC2_IRQHandler
                0x08006ae0                DMA1_Stream2_IRQHandler
                0x08006ae0                FPU_IRQHandler
                0x08006ae0                OTG_HS_WKUP_IRQHandler
                0x08006ae0                FDCAN1_IT1_IRQHandler
                0x08006ae0                LTDC_ER_IRQHandler
                0x08006ae0                DMA2_Stream2_IRQHandler
                0x08006ae0                SPI1_IRQHandler
                0x08006ae0                OCTOSPI1_IRQHandler
                0x08006ae0                TIM6_DAC_IRQHandler
                0x08006ae0                BDMA2_Channel6_IRQHandler
                0x08006ae0                DMA2_Stream3_IRQHandler
                0x08006ae0                OCTOSPI2_IRQHandler
                0x08006ae0                SAI2_IRQHandler
                0x08006ae0                BDMA1_IRQHandler
                0x08006ae0                DFSDM1_FLT3_IRQHandler
                0x08006ae0                USART6_IRQHandler
                0x08006ae0                TIM17_IRQHandler
                0x08006ae0                USART3_IRQHandler
                0x08006ae0                LPTIM5_IRQHandler
                0x08006ae0                UART5_IRQHandler
                0x08006ae0                DMA2_Stream0_IRQHandler
                0x08006ae0                TIM4_IRQHandler
                0x08006ae0                I2C1_EV_IRQHandler
                0x08006ae0                DMA1_Stream6_IRQHandler
                0x08006ae0                DMAMUX1_OVR_IRQHandler
                0x08006ae0                DMA1_Stream1_IRQHandler
                0x08006ae0                TIM16_IRQHandler
                0x08006ae0                UART4_IRQHandler
                0x08006ae0                TIM3_IRQHandler
                0x08006ae0                RCC_IRQHandler
                0x08006ae0                UART9_IRQHandler
                0x08006ae0                TIM8_BRK_TIM12_IRQHandler
                0x08006ae0                TIM1_TRG_COM_IRQHandler
                0x08006ae0                Default_Handler
                0x08006ae0                ECC_IRQHandler
                0x08006ae0                BDMA2_Channel2_IRQHandler
                0x08006ae0                CEC_IRQHandler
                0x08006ae0                EXTI15_10_IRQHandler
                0x08006ae0                DFSDM1_FLT4_IRQHandler
                0x08006ae0                ADC_IRQHandler
                0x08006ae0                DMA1_Stream7_IRQHandler
                0x08006ae0                SPI5_IRQHandler
                0x08006ae0                TIM7_IRQHandler
                0x08006ae0                SDMMC1_IRQHandler
                0x08006ae0                TIM5_IRQHandler
                0x08006ae0                DMA2_Stream7_IRQHandler
                0x08006ae0                TIM15_IRQHandler
                0x08006ae0                I2C3_EV_IRQHandler
                0x08006ae0                DFSDM2_IRQHandler
                0x08006ae0                EXTI9_5_IRQHandler
                0x08006ae0                RTC_WKUP_IRQHandler
                0x08006ae0                LTDC_IRQHandler
                0x08006ae0                SPDIF_RX_IRQHandler
                0x08006ae0                PVD_PVM_IRQHandler
                0x08006ae0                SPI2_IRQHandler
                0x08006ae0                OTG_HS_EP1_IN_IRQHandler
                0x08006ae0                DFSDM1_FLT5_IRQHandler
                0x08006ae0                DMA1_Stream0_IRQHandler
                0x08006ae0                CRS_IRQHandler
                0x08006ae0                EXTI4_IRQHandler
                0x08006ae0                DFSDM1_FLT6_IRQHandler
                0x08006ae0                RNG_IRQHandler
                0x08006ae0                FDCAN2_IT1_IRQHandler
                0x08006ae0                COMP_IRQHandler
                0x08006ae0                OTG_HS_EP1_OUT_IRQHandler
                0x08006ae0                WWDG_IRQHandler
                0x08006ae0                SPI6_IRQHandler
                0x08006ae0                MDIOS_IRQHandler
                0x08006ae0                I2C4_EV_IRQHandler
                0x08006ae0                FDCAN2_IT0_IRQHandler
                0x08006ae0                LPUART1_IRQHandler
                0x08006ae0                FDCAN1_IT0_IRQHandler
                0x08006ae0                TIM2_IRQHandler
                0x08006ae0                BDMA2_Channel5_IRQHandler
                0x08006ae0                OTG_HS_IRQHandler
                0x08006ae0                DMA2D_IRQHandler
                0x08006ae0                TIM1_BRK_IRQHandler
                0x08006ae0                EXTI1_IRQHandler
                0x08006ae0                SDMMC2_IRQHandler
                0x08006ae0                DTS_IRQHandler
                0x08006ae0                UART7_IRQHandler
                0x08006ae0                MDIOS_WKUP_IRQHandler
                0x08006ae0                USART2_IRQHandler
                0x08006ae0                DFSDM1_FLT0_IRQHandler
                0x08006ae0                I2C2_ER_IRQHandler
                0x08006ae0                DMA2_Stream1_IRQHandler
                0x08006ae0                DFSDM1_FLT7_IRQHandler
                0x08006ae0                FLASH_IRQHandler
                0x08006ae0                DMA2_Stream4_IRQHandler
                0x08006ae0                USART1_IRQHandler
                0x08006ae0                SPI3_IRQHandler
                0x08006ae0                WAKEUP_PIN_IRQHandler
                0x08006ae0                DMA1_Stream4_IRQHandler
                0x08006ae0                I2C1_ER_IRQHandler
                0x08006ae0                FMC_IRQHandler
                0x08006ae0                BDMA2_Channel7_IRQHandler
                0x08006ae0                FDCAN_CAL_IRQHandler
                0x08006ae0                SWPMI1_IRQHandler
                0x08006ae0                LPTIM1_IRQHandler
                0x08006ae0                DCMI_PSSI_IRQHandler
                0x08006ae0                I2C4_ER_IRQHandler
                0x08006ae0                DMA2_Stream6_IRQHandler
                0x08006ae0                SAI1_IRQHandler
                0x08006ae0                DMA1_Stream3_IRQHandler
                0x08006ae0                RTC_TAMP_STAMP_CSS_LSE_IRQHandler
                0x08006ae0                BDMA2_Channel4_IRQHandler
 *fill*         0x08006ae2        0x2 
 .text.round    0x08006ae4       0x98 C:/ProgramData/MATLAB/SupportPackages/R2024b/3P.instrset/gnuarm-armcortex.instrset/win/bin/../lib/gcc/arm-none-eabi/13.2.1/thumb/v7e-m+dp/hard\libm.a(libm_a-s_round.o)
                0x08006ae4                round
 .text.memset   0x08006b7c       0xa4 C:/ProgramData/MATLAB/SupportPackages/R2024b/3P.instrset/gnuarm-armcortex.instrset/win/bin/../lib/gcc/arm-none-eabi/13.2.1/thumb/v7e-m+dp/hard\libc.a(libc_a-memset.o)
                0x08006b7c                memset
 .text.__libc_init_array
                0x08006c20       0x50 C:/ProgramData/MATLAB/SupportPackages/R2024b/3P.instrset/gnuarm-armcortex.instrset/win/bin/../lib/gcc/arm-none-eabi/13.2.1/thumb/v7e-m+dp/hard\libc.a(libc_a-init.o)
                0x08006c20                __libc_init_array
 .text.__retarget_lock_acquire_recursive
                0x08006c70        0x4 C:/ProgramData/MATLAB/SupportPackages/R2024b/3P.instrset/gnuarm-armcortex.instrset/win/bin/../lib/gcc/arm-none-eabi/13.2.1/thumb/v7e-m+dp/hard\libc.a(libc_a-lock.o)
                0x08006c70                __retarget_lock_acquire_recursive
 .text.__retarget_lock_release_recursive
                0x08006c74        0x4 C:/ProgramData/MATLAB/SupportPackages/R2024b/3P.instrset/gnuarm-armcortex.instrset/win/bin/../lib/gcc/arm-none-eabi/13.2.1/thumb/v7e-m+dp/hard\libc.a(libc_a-lock.o)
                0x08006c74                __retarget_lock_release_recursive
 .text.startup.register_fini
                0x08006c78       0x14 C:/ProgramData/MATLAB/SupportPackages/R2024b/3P.instrset/gnuarm-armcortex.instrset/win/bin/../lib/gcc/arm-none-eabi/13.2.1/thumb/v7e-m+dp/hard\libc.a(libc_a-__call_atexit.o)
 .text.atexit   0x08006c8c        0xc C:/ProgramData/MATLAB/SupportPackages/R2024b/3P.instrset/gnuarm-armcortex.instrset/win/bin/../lib/gcc/arm-none-eabi/13.2.1/thumb/v7e-m+dp/hard\libc.a(libc_a-atexit.o)
                0x08006c8c                atexit
 .text.__libc_fini_array
                0x08006c98       0x28 C:/ProgramData/MATLAB/SupportPackages/R2024b/3P.instrset/gnuarm-armcortex.instrset/win/bin/../lib/gcc/arm-none-eabi/13.2.1/thumb/v7e-m+dp/hard\libc.a(libc_a-fini.o)
                0x08006c98                __libc_fini_array
 .text.__register_exitproc
                0x08006cc0       0x80 C:/ProgramData/MATLAB/SupportPackages/R2024b/3P.instrset/gnuarm-armcortex.instrset/win/bin/../lib/gcc/arm-none-eabi/13.2.1/thumb/v7e-m+dp/hard\libc.a(libc_a-__atexit.o)
                0x08006cc0                __register_exitproc
 *(.glue_7)
 .glue_7        0x08006d40        0x0 linker stubs
 *(.glue_7t)
 .glue_7t       0x08006d40        0x0 linker stubs
 *(.eh_frame)
 .eh_frame      0x08006d40        0x0 C:/ProgramData/MATLAB/SupportPackages/R2024b/3P.instrset/gnuarm-armcortex.instrset/win/bin/../lib/gcc/arm-none-eabi/13.2.1/thumb/v7e-m+dp/hard/crtbegin.o
 *(.init)
 .init          0x08006d40        0x4 C:/ProgramData/MATLAB/SupportPackages/R2024b/3P.instrset/gnuarm-armcortex.instrset/win/bin/../lib/gcc/arm-none-eabi/13.2.1/thumb/v7e-m+dp/hard/crti.o
                0x08006d40                _init
 .init          0x08006d44        0x8 C:/ProgramData/MATLAB/SupportPackages/R2024b/3P.instrset/gnuarm-armcortex.instrset/win/bin/../lib/gcc/arm-none-eabi/13.2.1/thumb/v7e-m+dp/hard/crtn.o
 *(.fini)
 .fini          0x08006d4c        0x4 C:/ProgramData/MATLAB/SupportPackages/R2024b/3P.instrset/gnuarm-armcortex.instrset/win/bin/../lib/gcc/arm-none-eabi/13.2.1/thumb/v7e-m+dp/hard/crti.o
                0x08006d4c                _fini
 .fini          0x08006d50        0x8 C:/ProgramData/MATLAB/SupportPackages/R2024b/3P.instrset/gnuarm-armcortex.instrset/win/bin/../lib/gcc/arm-none-eabi/13.2.1/thumb/v7e-m+dp/hard/crtn.o
                0x08006d58                        . = ALIGN (0x4)
                0x08006d58                        _etext = .

.vfp11_veneer   0x08006d58        0x0
 .vfp11_veneer  0x08006d58        0x0 linker stubs

.v4_bx          0x08006d58        0x0
 .v4_bx         0x08006d58        0x0 linker stubs

.iplt           0x08006d58        0x0
 .iplt          0x08006d58        0x0 C:/ProgramData/MATLAB/SupportPackages/R2024b/3P.instrset/gnuarm-armcortex.instrset/win/bin/../lib/gcc/arm-none-eabi/13.2.1/thumb/v7e-m+dp/hard/crtbegin.o

.rodata         0x08006d58       0xe0
                0x08006d58                        . = ALIGN (0x4)
 *(.rodata)
 *(.rodata*)
 .rodata.ENV_M  0x08006d58        0x4 ENV.o
                0x08006d58                ENV_M
 *fill*         0x08006d5c        0x4 
 .rodata.ENV_ConstB
                0x08006d60       0xa0 ENV_data.o
                0x08006d60                ENV_ConstB
 .rodata.ENV_ConstP
                0x08006e00       0x27 ENV_data.o
                0x08006e00                ENV_ConstP
 *fill*         0x08006e27        0x1 
 .rodata.D1CorePrescTable
                0x08006e28       0x10 system_stm32h7xx.o
                0x08006e28                D1CorePrescTable
                0x08006e38                        . = ALIGN (0x4)

.ARM.extab
 *(.ARM.extab* .gnu.linkonce.armextab.*)

.ARM            0x08006e38        0x0
                0x08006e38                        __exidx_start = .
 *(.ARM.exidx*)
                0x08006e38                        __exidx_end = .

.preinit_array  0x08006e38        0x0
                0x08006e38                        PROVIDE (__preinit_array_start = .)
 *(.preinit_array*)
                0x08006e38                        PROVIDE (__preinit_array_end = .)

.init_array     0x08006e38        0x8
                0x08006e38                        PROVIDE (__init_array_start = .)
 *(SORT_BY_NAME(.init_array.*))
 .init_array.00000
                0x08006e38        0x4 C:/ProgramData/MATLAB/SupportPackages/R2024b/3P.instrset/gnuarm-armcortex.instrset/win/bin/../lib/gcc/arm-none-eabi/13.2.1/thumb/v7e-m+dp/hard\libc.a(libc_a-__call_atexit.o)
 *(.init_array*)
 .init_array    0x08006e3c        0x4 C:/ProgramData/MATLAB/SupportPackages/R2024b/3P.instrset/gnuarm-armcortex.instrset/win/bin/../lib/gcc/arm-none-eabi/13.2.1/thumb/v7e-m+dp/hard/crtbegin.o
                0x08006e40                        PROVIDE (__init_array_end = .)

.fini_array     0x08006e40        0x4
                0x08006e40                        PROVIDE (__fini_array_start = .)
 *(SORT_BY_NAME(.fini_array.*))
 *(.fini_array*)
 .fini_array    0x08006e40        0x4 C:/ProgramData/MATLAB/SupportPackages/R2024b/3P.instrset/gnuarm-armcortex.instrset/win/bin/../lib/gcc/arm-none-eabi/13.2.1/thumb/v7e-m+dp/hard/crtbegin.o
                0x08006e44                        PROVIDE (__fini_array_end = .)
                0x08006e44                        _sidata = LOADADDR (.data)

.rel.dyn        0x08006e44        0x0
 .rel.iplt      0x08006e44        0x0 C:/ProgramData/MATLAB/SupportPackages/R2024b/3P.instrset/gnuarm-armcortex.instrset/win/bin/../lib/gcc/arm-none-eabi/13.2.1/thumb/v7e-m+dp/hard/crtbegin.o

.data           0x24000000       0x14 load address 0x08006e44
                0x24000000                        . = ALIGN (0x4)
                0x24000000                        _sdata = .
 *(.data)
 *(.data*)
 .data.uwTickPrio
                0x24000000        0x4 stm32h7xx_hal.o
                0x24000000                uwTickPrio
 .data.uwTickFreq
                0x24000004        0x1 stm32h7xx_hal.o
                0x24000004                uwTickFreq
 *fill*         0x24000005        0x3 
 .data.SystemCoreClock
                0x24000008        0x4 system_stm32h7xx.o
                0x24000008                SystemCoreClock
 .data.SystemD2Clock
                0x2400000c        0x4 system_stm32h7xx.o
                0x2400000c                SystemD2Clock
 .data.__atexit_recursive_mutex
                0x24000010        0x4 C:/ProgramData/MATLAB/SupportPackages/R2024b/3P.instrset/gnuarm-armcortex.instrset/win/bin/../lib/gcc/arm-none-eabi/13.2.1/thumb/v7e-m+dp/hard\libc.a(libc_a-__call_atexit.o)
                0x24000010                __atexit_recursive_mutex
 *(.RamFunc)
 *(.RamFunc*)
                0x24000014                        . = ALIGN (0x4)
                0x24000014                        _edata = .

.tm_clone_table
                0x24000014        0x0 load address 0x08006e58
 .tm_clone_table
                0x24000014        0x0 C:/ProgramData/MATLAB/SupportPackages/R2024b/3P.instrset/gnuarm-armcortex.instrset/win/bin/../lib/gcc/arm-none-eabi/13.2.1/thumb/v7e-m+dp/hard/crtbegin.o
 .tm_clone_table
                0x24000014        0x0 C:/ProgramData/MATLAB/SupportPackages/R2024b/3P.instrset/gnuarm-armcortex.instrset/win/bin/../lib/gcc/arm-none-eabi/13.2.1/thumb/v7e-m+dp/hard/crtend.o

.igot.plt       0x24000014        0x0 load address 0x08006e58
 .igot.plt      0x24000014        0x0 C:/ProgramData/MATLAB/SupportPackages/R2024b/3P.instrset/gnuarm-armcortex.instrset/win/bin/../lib/gcc/arm-none-eabi/13.2.1/thumb/v7e-m+dp/hard/crtbegin.o
                0x24000014                        . = ALIGN (0x4)

.bss            0x24000018     0x1164 load address 0x08006e58
                0x24000018                        _sbss = .
                0x24000018                        __bss_start__ = _sbss
 *(.bss)
 *(.bss*)
 .bss.completed.1
                0x24000018        0x1 C:/ProgramData/MATLAB/SupportPackages/R2024b/3P.instrset/gnuarm-armcortex.instrset/win/bin/../lib/gcc/arm-none-eabi/13.2.1/thumb/v7e-m+dp/hard/crtbegin.o
 *fill*         0x24000019        0x3 
 .bss.object.0  0x2400001c       0x18 C:/ProgramData/MATLAB/SupportPackages/R2024b/3P.instrset/gnuarm-armcortex.instrset/win/bin/../lib/gcc/arm-none-eabi/13.2.1/thumb/v7e-m+dp/hard/crtbegin.o
 .bss.mw_spi1   0x24000034       0x18 mw_stm32_spi_ll.o
 *fill*         0x2400004c        0x4 
 .bss.ENV_B     0x24000050      0x1a8 ENV.o
                0x24000050                ENV_B
 .bss.ENV_DW    0x240001f8      0x4e0 ENV.o
                0x240001f8                ENV_DW
 .bss.ENV_Y     0x240006d8      0x8a0 ENV.o
                0x240006d8                ENV_Y
 .bss.ENV_M_    0x24000f78        0x8 ENV.o
 .bss.IsrOverrun
                0x24000f80        0x4 ert_main.o
                0x24000f80                IsrOverrun
 .bss.OverrunFlag
                0x24000f84        0x1 ert_main.o
 .bss.stopRequested
                0x24000f85        0x1 ert_main.o
                0x24000f85                stopRequested
 .bss.runModel  0x24000f86        0x1 ert_main.o
                0x24000f86                runModel
 *fill*         0x24000f87        0x1 
 .bss.schdl_counter
                0x24000f88        0x4 SysTickScheduler.o
                0x24000f88                schdl_counter
 .bss.schdl_counter_max
                0x24000f8c        0x4 SysTickScheduler.o
                0x24000f8c                schdl_counter_max
 .bss.taskToSchedule
                0x24000f90        0x4 m3m4m4f_multitasking.o
                0x24000f90                taskToSchedule
 .bss.htim1     0x24000f94       0x4c stm32h7xx_hal_timebase_tim.o
                0x24000f94                htim1
 .bss.uwTick    0x24000fe0        0x4 stm32h7xx_hal.o
                0x24000fe0                uwTick
 .bss.__lock___atexit_recursive_mutex
                0x24000fe4        0x1 C:/ProgramData/MATLAB/SupportPackages/R2024b/3P.instrset/gnuarm-armcortex.instrset/win/bin/../lib/gcc/arm-none-eabi/13.2.1/thumb/v7e-m+dp/hard\libc.a(libc_a-lock.o)
                0x24000fe4                __lock___atexit_recursive_mutex
 *fill*         0x24000fe5        0x3 
 .bss.__atexit  0x24000fe8        0x4 C:/ProgramData/MATLAB/SupportPackages/R2024b/3P.instrset/gnuarm-armcortex.instrset/win/bin/../lib/gcc/arm-none-eabi/13.2.1/thumb/v7e-m+dp/hard\libc.a(libc_a-__call_atexit.o)
                0x24000fe8                __atexit
 .bss.__atexit0
                0x24000fec      0x190 C:/ProgramData/MATLAB/SupportPackages/R2024b/3P.instrset/gnuarm-armcortex.instrset/win/bin/../lib/gcc/arm-none-eabi/13.2.1/thumb/v7e-m+dp/hard\libc.a(libc_a-__atexit.o)
                0x24000fec                __atexit0
 *(COMMON)
                0x2400117c                        . = ALIGN (0x4)
                0x2400117c                        _ebss = .
                0x2400117c                        __bss_end__ = _ebss

._user_heap_stack
                0x2400117c      0x604 load address 0x08006e58
                0x24001180                        . = ALIGN (0x8)
 *fill*         0x2400117c        0x4 
                [!provide]                        PROVIDE (end = .)
                0x24001180                        PROVIDE (_end = .)
                0x24001380                        . = (. + _Min_Heap_Size)
 *fill*         0x24001180      0x200 
                0x24001780                        . = (. + _Min_Stack_Size)
 *fill*         0x24001380      0x400 
                0x24001780                        . = ALIGN (0x8)

/DISCARD/
 libc.a(*)
 libm.a(*)
 libgcc.a(*)

.ARM.attributes
                0x00000000       0x2e
 *(.ARM.attributes)
 .ARM.attributes
                0x00000000       0x20 C:/ProgramData/MATLAB/SupportPackages/R2024b/3P.instrset/gnuarm-armcortex.instrset/win/bin/../lib/gcc/arm-none-eabi/13.2.1/thumb/v7e-m+dp/hard/crti.o
 .ARM.attributes
                0x00000020       0x32 C:/ProgramData/MATLAB/SupportPackages/R2024b/3P.instrset/gnuarm-armcortex.instrset/win/bin/../lib/gcc/arm-none-eabi/13.2.1/thumb/v7e-m+dp/hard/crtbegin.o
 .ARM.attributes
                0x00000052       0x32 mw_stm32_spi_ll.o
 .ARM.attributes
                0x00000084       0x32 ENV.o
 .ARM.attributes
                0x000000b6       0x32 ENV_data.o
 .ARM.attributes
                0x000000e8       0x32 ert_main.o
 .ARM.attributes
                0x0000011a       0x32 platform_timer.o
 .ARM.attributes
                0x0000014c       0x32 SysTickScheduler.o
 .ARM.attributes
                0x0000017e       0x32 m3m4m4f_multitasking.o
 .ARM.attributes
                0x000001b0       0x32 main.o
 .ARM.attributes
                0x000001e2       0x32 stm32h7xx_it.o
 .ARM.attributes
                0x00000214       0x32 stm32h7xx_hal_msp.o
 .ARM.attributes
                0x00000246       0x32 stm32h7xx_hal_timebase_tim.o
 .ARM.attributes
                0x00000278       0x32 stm32h7xx_hal_tim.o
 .ARM.attributes
                0x000002aa       0x32 stm32h7xx_hal_tim_ex.o
 .ARM.attributes
                0x000002dc       0x32 stm32h7xx_ll_gpio.o
 .ARM.attributes
                0x0000030e       0x32 stm32h7xx_ll_utils.o
 .ARM.attributes
                0x00000340       0x32 stm32h7xx_hal_rcc.o
 .ARM.attributes
                0x00000372       0x32 stm32h7xx_hal_cortex.o
 .ARM.attributes
                0x000003a4       0x32 stm32h7xx_hal.o
 .ARM.attributes
                0x000003d6       0x32 stm32h7xx_ll_spi.o
 .ARM.attributes
                0x00000408       0x32 system_stm32h7xx.o
 .ARM.attributes
                0x0000043a       0x21 startup_stm32h7a3ritx.o
 .ARM.attributes
                0x0000045b       0x32 C:/ProgramData/MATLAB/SupportPackages/R2024b/3P.instrset/gnuarm-armcortex.instrset/win/bin/../lib/gcc/arm-none-eabi/13.2.1/thumb/v7e-m+dp/hard\libm.a(libm_a-s_round.o)
 .ARM.attributes
                0x0000048d       0x32 C:/ProgramData/MATLAB/SupportPackages/R2024b/3P.instrset/gnuarm-armcortex.instrset/win/bin/../lib/gcc/arm-none-eabi/13.2.1/thumb/v7e-m+dp/hard\libc.a(libc_a-memset.o)
 .ARM.attributes
                0x000004bf       0x32 C:/ProgramData/MATLAB/SupportPackages/R2024b/3P.instrset/gnuarm-armcortex.instrset/win/bin/../lib/gcc/arm-none-eabi/13.2.1/thumb/v7e-m+dp/hard\libc.a(libc_a-init.o)
 .ARM.attributes
                0x000004f1       0x32 C:/ProgramData/MATLAB/SupportPackages/R2024b/3P.instrset/gnuarm-armcortex.instrset/win/bin/../lib/gcc/arm-none-eabi/13.2.1/thumb/v7e-m+dp/hard\libc.a(libc_a-lock.o)
 .ARM.attributes
                0x00000523       0x32 C:/ProgramData/MATLAB/SupportPackages/R2024b/3P.instrset/gnuarm-armcortex.instrset/win/bin/../lib/gcc/arm-none-eabi/13.2.1/thumb/v7e-m+dp/hard\libc.a(libc_a-__call_atexit.o)
 .ARM.attributes
                0x00000555       0x32 C:/ProgramData/MATLAB/SupportPackages/R2024b/3P.instrset/gnuarm-armcortex.instrset/win/bin/../lib/gcc/arm-none-eabi/13.2.1/thumb/v7e-m+dp/hard\libc.a(libc_a-atexit.o)
 .ARM.attributes
                0x00000587       0x32 C:/ProgramData/MATLAB/SupportPackages/R2024b/3P.instrset/gnuarm-armcortex.instrset/win/bin/../lib/gcc/arm-none-eabi/13.2.1/thumb/v7e-m+dp/hard\libc.a(libc_a-fini.o)
 .ARM.attributes
                0x000005b9       0x32 C:/ProgramData/MATLAB/SupportPackages/R2024b/3P.instrset/gnuarm-armcortex.instrset/win/bin/../lib/gcc/arm-none-eabi/13.2.1/thumb/v7e-m+dp/hard\libc.a(libc_a-__atexit.o)
 .ARM.attributes
                0x000005eb       0x32 C:/ProgramData/MATLAB/SupportPackages/R2024b/3P.instrset/gnuarm-armcortex.instrset/win/bin/../lib/gcc/arm-none-eabi/13.2.1/thumb/v7e-m+dp/hard/crtend.o
 .ARM.attributes
                0x0000061d       0x20 C:/ProgramData/MATLAB/SupportPackages/R2024b/3P.instrset/gnuarm-armcortex.instrset/win/bin/../lib/gcc/arm-none-eabi/13.2.1/thumb/v7e-m+dp/hard/crtn.o

.dma_buffer
 *(.dma_buffer)

.bdma_buffer
 *(.bdma_buffer)
OUTPUT(../ENV.elf elf32-littlearm)
LOAD linker stubs
LOAD C:/ProgramData/MATLAB/SupportPackages/R2024b/3P.instrset/gnuarm-armcortex.instrset/win/bin/../lib/gcc/arm-none-eabi/13.2.1/thumb/v7e-m+dp/hard\libc.a
LOAD C:/ProgramData/MATLAB/SupportPackages/R2024b/3P.instrset/gnuarm-armcortex.instrset/win/bin/../lib/gcc/arm-none-eabi/13.2.1/thumb/v7e-m+dp/hard\libm.a
LOAD C:/ProgramData/MATLAB/SupportPackages/R2024b/3P.instrset/gnuarm-armcortex.instrset/win/bin/../lib/gcc/arm-none-eabi/13.2.1/thumb/v7e-m+dp/hard\libgcc.a

.comment        0x00000000       0x44
 .comment       0x00000000       0x44 mw_stm32_spi_ll.o
                                 0x45 (size before relaxing)
 .comment       0x00000044       0x45 ENV.o
 .comment       0x00000044       0x45 ENV_data.o
 .comment       0x00000044       0x45 ert_main.o
 .comment       0x00000044       0x45 platform_timer.o
 .comment       0x00000044       0x45 SysTickScheduler.o
 .comment       0x00000044       0x45 m3m4m4f_multitasking.o
 .comment       0x00000044       0x45 main.o
 .comment       0x00000044       0x45 stm32h7xx_it.o
 .comment       0x00000044       0x45 stm32h7xx_hal_msp.o
 .comment       0x00000044       0x45 stm32h7xx_hal_timebase_tim.o
 .comment       0x00000044       0x45 stm32h7xx_hal_tim.o
 .comment       0x00000044       0x45 stm32h7xx_hal_tim_ex.o
 .comment       0x00000044       0x45 stm32h7xx_ll_gpio.o
 .comment       0x00000044       0x45 stm32h7xx_ll_utils.o
 .comment       0x00000044       0x45 stm32h7xx_hal_rcc.o
 .comment       0x00000044       0x45 stm32h7xx_hal_cortex.o
 .comment       0x00000044       0x45 stm32h7xx_hal.o
 .comment       0x00000044       0x45 stm32h7xx_ll_spi.o
 .comment       0x00000044       0x45 system_stm32h7xx.o

.debug_frame    0x00000000      0x214
 .debug_frame   0x00000000       0x28 C:/ProgramData/MATLAB/SupportPackages/R2024b/3P.instrset/gnuarm-armcortex.instrset/win/bin/../lib/gcc/arm-none-eabi/13.2.1/thumb/v7e-m+dp/hard\libm.a(libm_a-s_round.o)
 .debug_frame   0x00000028       0x2c C:/ProgramData/MATLAB/SupportPackages/R2024b/3P.instrset/gnuarm-armcortex.instrset/win/bin/../lib/gcc/arm-none-eabi/13.2.1/thumb/v7e-m+dp/hard\libc.a(libc_a-memset.o)
 .debug_frame   0x00000054       0x2c C:/ProgramData/MATLAB/SupportPackages/R2024b/3P.instrset/gnuarm-armcortex.instrset/win/bin/../lib/gcc/arm-none-eabi/13.2.1/thumb/v7e-m+dp/hard\libc.a(libc_a-init.o)
 .debug_frame   0x00000080       0xb0 C:/ProgramData/MATLAB/SupportPackages/R2024b/3P.instrset/gnuarm-armcortex.instrset/win/bin/../lib/gcc/arm-none-eabi/13.2.1/thumb/v7e-m+dp/hard\libc.a(libc_a-lock.o)
 .debug_frame   0x00000130       0x5c C:/ProgramData/MATLAB/SupportPackages/R2024b/3P.instrset/gnuarm-armcortex.instrset/win/bin/../lib/gcc/arm-none-eabi/13.2.1/thumb/v7e-m+dp/hard\libc.a(libc_a-__call_atexit.o)
 .debug_frame   0x0000018c       0x20 C:/ProgramData/MATLAB/SupportPackages/R2024b/3P.instrset/gnuarm-armcortex.instrset/win/bin/../lib/gcc/arm-none-eabi/13.2.1/thumb/v7e-m+dp/hard\libc.a(libc_a-atexit.o)
 .debug_frame   0x000001ac       0x34 C:/ProgramData/MATLAB/SupportPackages/R2024b/3P.instrset/gnuarm-armcortex.instrset/win/bin/../lib/gcc/arm-none-eabi/13.2.1/thumb/v7e-m+dp/hard\libc.a(libc_a-fini.o)
 .debug_frame   0x000001e0       0x34 C:/ProgramData/MATLAB/SupportPackages/R2024b/3P.instrset/gnuarm-armcortex.instrset/win/bin/../lib/gcc/arm-none-eabi/13.2.1/thumb/v7e-m+dp/hard\libc.a(libc_a-__atexit.o)
