Archive member included to satisfy reference by file (symbol)

../slprj/ert/MASTER/MASTER_rtwlib.lib(MASTER.o)
                              ENV.o (MASTER_Init)
../slprj/ert/INPUT/INPUT_rtwlib.lib(INPUT.o)
                              ../slprj/ert/MASTER/MASTER_rtwlib.lib(MASTER.o) (INPUT)
../slprj/ert/BMSInputs/BMSInputs_rtwlib.lib(BMSInputs.o)
                              ../slprj/ert/INPUT/INPUT_rtwlib.lib(INPUT.o) (BMSInputs)
../slprj/ert/GPSIMUInputs/GPSIMUInputs_rtwlib.lib(GPSIMUInputs.o)
                              ../slprj/ert/INPUT/INPUT_rtwlib.lib(INPUT.o) (GPSIMUInputs)
../slprj/ert/InverterInputs/InverterInputs_rtwlib.lib(InverterInputs.o)
                              ../slprj/ert/INPUT/INPUT_rtwlib.lib(INPUT.o) (InverterInputs)
../slprj/ert/SensorInputs/SensorInputs_rtwlib.lib(SensorInputs.o)
                              ../slprj/ert/INPUT/INPUT_rtwlib.lib(INPUT.o) (SensorInputs)
../slprj/ert/WheelSpeedInputs/WheelSpeedInputs_rtwlib.lib(WheelSpeedInputs.o)
                              ../slprj/ert/INPUT/INPUT_rtwlib.lib(INPUT.o) (WheelSpeedInputs)
../slprj/ert/LIMITATIONS/LIMITATIONS_rtwlib.lib(LIMITATIONS.o)
                              ../slprj/ert/MASTER/MASTER_rtwlib.lib(MASTER.o) (LIMITATIONS)
../slprj/ert/BAllowTorque/BAllowTorque_rtwlib.lib(BAllowTorque.o)
                              ../slprj/ert/LIMITATIONS/LIMITATIONS_rtwlib.lib(LIMITATIONS.o) (BAllowTorque)
../slprj/ert/PCellVoltageDerate/PCellVoltageDerate_rtwlib.lib(PCellVoltageDerate.o)
                              ../slprj/ert/LIMITATIONS/LIMITATIONS_rtwlib.lib(LIMITATIONS.o) (PCellVoltageDerate)
../slprj/ert/PDischargeDerate/PDischargeDerate_rtwlib.lib(PDischargeDerate.o)
                              ../slprj/ert/LIMITATIONS/LIMITATIONS_rtwlib.lib(LIMITATIONS.o) (PDischargeDerate)
../slprj/ert/PHighCellTemperatureDerate/PHighCellTemperatureDerate_rtwlib.lib(PHighCellTemperatureDerate.o)
                              ../slprj/ert/LIMITATIONS/LIMITATIONS_rtwlib.lib(LIMITATIONS.o) (PHighCellTemperatureDerate)
../slprj/ert/PInvTemperatureDerate/PInvTemperatureDerate_rtwlib.lib(PInvTemperatureDerate.o)
                              ../slprj/ert/LIMITATIONS/LIMITATIONS_rtwlib.lib(LIMITATIONS.o) (PInvTemperatureDerate)
../slprj/ert/PMotorTemperatureDerate/PMotorTemperatureDerate_rtwlib.lib(PMotorTemperatureDerate.o)
                              ../slprj/ert/LIMITATIONS/LIMITATIONS_rtwlib.lib(LIMITATIONS.o) (PMotorTemperatureDerate)
../slprj/ert/PRegenDerate/PRegenDerate_rtwlib.lib(PRegenDerate.o)
                              ../slprj/ert/LIMITATIONS/LIMITATIONS_rtwlib.lib(LIMITATIONS.o) (PRegenDerate)
../slprj/ert/PSOCDerate/PSOCDerate_rtwlib.lib(PSOCDerate.o)
                              ../slprj/ert/LIMITATIONS/LIMITATIONS_rtwlib.lib(LIMITATIONS.o) (PSOCDerate)
../slprj/ert/PTSTemperatureDerate/PTSTemperatureDerate_rtwlib.lib(PTSTemperatureDerate.o)
                              ../slprj/ert/LIMITATIONS/LIMITATIONS_rtwlib.lib(LIMITATIONS.o) (PTSTemperatureDerate)
../slprj/ert/rSpeedRegenDerate/rSpeedRegenDerate_rtwlib.lib(rSpeedRegenDerate.o)
                              ../slprj/ert/LIMITATIONS/LIMITATIONS_rtwlib.lib(LIMITATIONS.o) (rSpeedRegenDerate)
../slprj/ert/STATEFLOW/STATEFLOW_rtwlib.lib(STATEFLOW.o)
                              ../slprj/ert/MASTER/MASTER_rtwlib.lib(MASTER.o) (STATEFLOW_Init)
../slprj/ert/NBMSState/NBMSState_rtwlib.lib(NBMSState.o)
                              ../slprj/ert/STATEFLOW/STATEFLOW_rtwlib.lib(STATEFLOW.o) (NBMSState)
../slprj/ert/NCarState/NCarState_rtwlib.lib(NCarState.o)
                              ../slprj/ert/STATEFLOW/STATEFLOW_rtwlib.lib(STATEFLOW.o) (NCarState)
../slprj/ert/NInvState/NInvState_rtwlib.lib(NInvState.o)
                              ../slprj/ert/STATEFLOW/STATEFLOW_rtwlib.lib(STATEFLOW.o) (NInvState_Init)
../slprj/ert/SYSTEMS/SYSTEMS_rtwlib.lib(SYSTEMS.o)
                              ../slprj/ert/MASTER/MASTER_rtwlib.lib(MASTER.o) (SYSTEMS_Init)
../slprj/ert/BAppsOK/BAppsOK_rtwlib.lib(BAppsOK.o)
                              ../slprj/ert/SYSTEMS/SYSTEMS_rtwlib.lib(SYSTEMS.o) (BAppsOK)
../slprj/ert/BBrakeError/BBrakeError_rtwlib.lib(BBrakeError.o)
                              ../slprj/ert/SYSTEMS/SYSTEMS_rtwlib.lib(SYSTEMS.o) (BBrakeError)
../slprj/ert/BBrakeLight/BBrakeLight_rtwlib.lib(BBrakeLight.o)
                              ../slprj/ert/SYSTEMS/SYSTEMS_rtwlib.lib(SYSTEMS.o) (BBrakeLight)
../slprj/ert/BDamperOk/BDamperOk_rtwlib.lib(BDamperOk.o)
                              ../slprj/ert/SYSTEMS/SYSTEMS_rtwlib.lib(SYSTEMS.o) (BDamperOk)
../slprj/ert/BDrivetrainCoolingOn/BDrivetrainCoolingOn_rtwlib.lib(BDrivetrainCoolingOn.o)
                              ../slprj/ert/SYSTEMS/SYSTEMS_rtwlib.lib(SYSTEMS.o) (BDrivetrainCoolingOn)
../slprj/ert/BIMUOk/BIMUOk_rtwlib.lib(BIMUOk.o)
                              ../slprj/ert/SYSTEMS/SYSTEMS_rtwlib.lib(SYSTEMS.o) (BIMUOk)
../slprj/ert/BInverterError/BInverterError_rtwlib.lib(BInverterError.o)
[...]
Memory Configuration

Name             Origin             Length             Attributes
ITCMRAM          0x00000000         0x00010000         xrw
FLASH            0x08000000         0x00200000         xr
DTCMRAM1         0x20000000         0x00010000         xrw
DTCMRAM2         0x20010000         0x00010000         xrw
RAM              0x24000000         0x00100000         xrw
RAM_CD           0x30000000         0x00020000         xrw
RAM_SRD          0x38000000         0x00008000         xrw
*default*        0x00000000         0xffffffff
RAM_D2           0x00000000         0xffffffff
RAM_D3           0x00000000         0xffffffff

Linker script and memory map

LOAD C:/ProgramData/MATLAB/SupportPackages/R2024b/3P.instrset/gnuarm-armcortex.instrset/win/bin/../lib/gcc/arm-none-eabi/13.2.1/thumb/v7e-m+dp/hard/crti.o
LOAD C:/ProgramData/MATLAB/SupportPackages/R2024b/3P.instrset/gnuarm-armcortex.instrset/win/bin/../lib/gcc/arm-none-eabi/13.2.1/thumb/v7e-m+dp/hard/crtbegin.o
LOAD C:/ProgramData/MATLAB/SupportPackages/R2024b/3P.instrset/gnuarm-armcortex.instrset/win/bin/../lib/gcc/arm-none-eabi/13.2.1/thumb/v7e-m+dp/hard/crt0.o
LOAD mw_stm32_spi_ll.o
LOAD ENV.o
LOAD can_datatype_ground.o
LOAD ert_main.o
LOAD overrideHALDelay.o
LOAD platform_timer.o
LOAD SysTickScheduler.o
LOAD m3m4m4f_multitasking.o
LOAD main.o
LOAD stm32h7xx_it.o
LOAD stm32h7xx_hal_msp.o
LOAD stm32h7xx_hal_timebase_tim.o
LOAD stm32h7xx_ll_exti.o
LOAD stm32h7xx_hal_tim.o
LOAD stm32h7xx_hal_tim_ex.o
LOAD stm32h7xx_ll_gpio.o
LOAD stm32h7xx_ll_rcc.o
LOAD stm32h7xx_ll_utils.o
LOAD stm32h7xx_hal_rcc.o
LOAD stm32h7xx_hal_rcc_ex.o
LOAD stm32h7xx_hal_flash.o
LOAD stm32h7xx_hal_flash_ex.o
LOAD stm32h7xx_hal_gpio.o
LOAD stm32h7xx_hal_hsem.o
LOAD stm32h7xx_hal_dma.o
LOAD stm32h7xx_hal_dma_ex.o
LOAD stm32h7xx_hal_mdma.o
LOAD stm32h7xx_hal_pwr.o
LOAD stm32h7xx_hal_pwr_ex.o
LOAD stm32h7xx_hal_cortex.o
LOAD stm32h7xx_hal.o
LOAD stm32h7xx_hal_i2c.o
LOAD stm32h7xx_hal_i2c_ex.o
LOAD stm32h7xx_hal_exti.o
LOAD stm32h7xx_ll_spi.o
LOAD stm32h7xx_ll_dma.o
LOAD system_stm32h7xx.o
LOAD syscalls.o
LOAD sysmem.o
LOAD startup_stm32h7a3ritx.o
LOAD ../slprj/ert/MASTER/MASTER_rtwlib.lib
LOAD ../slprj/ert/INPUT/INPUT_rtwlib.lib
LOAD ../slprj/ert/BMSInputs/BMSInputs_rtwlib.lib
LOAD ../slprj/ert/GPSIMUInputs/GPSIMUInputs_rtwlib.lib
LOAD ../slprj/ert/InverterInputs/InverterInputs_rtwlib.lib
LOAD ../slprj/ert/SensorInputs/SensorInputs_rtwlib.lib
LOAD ../slprj/ert/WheelSpeedInputs/WheelSpeedInputs_rtwlib.lib
LOAD ../slprj/ert/LIMITATIONS/LIMITATIONS_rtwlib.lib
LOAD ../slprj/ert/BAllowTorque/BAllowTorque_rtwlib.lib
LOAD ../slprj/ert/PCellVoltageDerate/PCellVoltageDerate_rtwlib.lib
LOAD ../slprj/ert/PDischargeDerate/PDischargeDerate_rtwlib.lib
LOAD ../slprj/ert/PHighCellTemperatureDerate/PHighCellTemperatureDerate_rtwlib.lib
LOAD ../slprj/ert/PInvTemperatureDerate/PInvTemperatureDerate_rtwlib.lib
LOAD ../slprj/ert/PMotorTemperatureDerate/PMotorTemperatureDerate_rtwlib.lib
LOAD ../slprj/ert/PRegenDerate/PRegenDerate_rtwlib.lib
LOAD ../slprj/ert/PSOCDerate/PSOCDerate_rtwlib.lib
LOAD ../slprj/ert/PTSTemperatureDerate/PTSTemperatureDerate_rtwlib.lib
LOAD ../slprj/ert/rSpeedRegenDerate/rSpeedRegenDerate_rtwlib.lib
LOAD ../slprj/ert/STATEFLOW/STATEFLOW_rtwlib.lib
LOAD ../slprj/ert/NBMSState/NBMSState_rtwlib.lib
LOAD ../slprj/ert/NCarState/NCarState_rtwlib.lib
LOAD ../slprj/ert/NInvState/NInvState_rtwlib.lib
LOAD ../slprj/ert/SYSTEMS/SYSTEMS_rtwlib.lib
LOAD ../slprj/ert/BAppsOK/BAppsOK_rtwlib.lib
LOAD ../slprj/ert/BBrakeError/BBrakeError_rtwlib.lib
LOAD ../slprj/ert/BBrakeLight/BBrakeLight_rtwlib.lib
LOAD ../slprj/ert/BDamperOk/BDamperOk_rtwlib.lib
LOAD ../slprj/ert/BDrivetrainCoolingOn/BDrivetrainCoolingOn_rtwlib.lib
LOAD ../slprj/ert/BIMUOk/BIMUOk_rtwlib.lib
LOAD ../slprj/ert/BInverterError/BInverterError_rtwlib.lib
LOAD ../slprj/ert/BPCComplete/BPCComplete_rtwlib.lib
LOAD ../slprj/ert/BPedalOverlap/BPedalOverlap_rtwlib.lib
LOAD ../slprj/ert/BThrottleError/BThrottleError_rtwlib.lib
LOAD ../slprj/ert/MMotorMax/MMotorMax_rtwlib.lib
LOAD ../slprj/ert/PActual/PActual_rtwlib.lib
LOAD ../slprj/ert/PEnergyMeter/PEnergyMeter_rtwlib.lib
LOAD ../slprj/ert/SteeringWheel/SteeringWheel_rtwlib.lib
LOAD ../slprj/ert/TractiveSystemTemperatures/TractiveSystemTemperatures_rtwlib.lib
LOAD ../slprj/ert/pBrake/pBrake_rtwlib.lib
LOAD ../slprj/ert/rRegenPaddle/rRegenPaddle_rtwlib.lib
LOAD ../slprj/ert/rSOC/rSOC_rtwlib.lib
LOAD ../slprj/ert/rSteeringAngle/rSteeringAngle_rtwlib.lib
LOAD ../slprj/ert/rThrottle/rThrottle_rtwlib.lib
LOAD ../slprj/ert/vChassis/vChassis_rtwlib.lib
LOAD ../slprj/ert/xDamper/xDamper_rtwlib.lib
LOAD ../slprj/ert/TORQUECONTROL/TORQUECONTROL_rtwlib.lib
LOAD ../slprj/ert/EMS/EMS_rtwlib.lib
LOAD ../slprj/ert/MDriverDischargeRequested/MDriverDischargeRequested_rtwlib.lib
LOAD ../slprj/ert/MDriverRegenRequested/MDriverRegenRequested_rtwlib.lib
LOAD ../slprj/ert/MFinal/MFinal_rtwlib.lib
LOAD ../slprj/ert/MTotalRequested/MTotalRequested_rtwlib.lib
LOAD ../slprj/ert/PowerController/PowerController_rtwlib.lib
LOAD ../slprj/ert/SpinningMode/SpinningMode_rtwlib.lib
LOAD ../slprj/ert/StateEstimation/StateEstimation_rtwlib.lib
LOAD ../slprj/ert/TorqueDistribution/TorqueDistribution_rtwlib.lib
LOAD ../slprj/ert/TorqueVectoring/TorqueVectoring_rtwlib.lib
LOAD ../slprj/ert/TractionControl/TractionControl_rtwlib.lib
LOAD C:/Users/Will/Desktop/OBR/Embedded/VCUSTM32/Controls/Builds/slprj/ert/_sharedutils/rtwshared.lib
LOAD C:/ProgramData/MATLAB/SupportPackages/R2024b/3P.instrset/cmsis_dsp.instrset/Lib/GCC/arm_cortexm7ldfdp_math/libCMSISDSP.a
LOAD C:/ProgramData/MATLAB/SupportPackages/R2024b/toolbox/shared/supportpackages/stm32/lib/GCC/libmw_pdmfilter_m7_dpfp.lib
LOAD C:/ProgramData/MATLAB/SupportPackages/R2024b/3P.instrset/gnuarm-armcortex.instrset/win/bin/../lib/gcc/arm-none-eabi/13.2.1/thumb/v7e-m+dp/hard\libstdc++_nano.a
LOAD C:/ProgramData/MATLAB/SupportPackages/R2024b/3P.instrset/gnuarm-armcortex.instrset/win/bin/../lib/gcc/arm-none-eabi/13.2.1/thumb/v7e-m+dp/hard\libm.a
START GROUP
LOAD C:/ProgramData/MATLAB/SupportPackages/R2024b/3P.instrset/gnuarm-armcortex.instrset/win/bin/../lib/gcc/arm-none-eabi/13.2.1/thumb/v7e-m+dp/hard\libgcc.a
LOAD C:/ProgramData/MATLAB/SupportPackages/R2024b/3P.instrset/gnuarm-armcortex.instrset/win/bin/../lib/gcc/arm-none-eabi/13.2.1/thumb/v7e-m+dp/hard\libc_nano.a
END GROUP
START GROUP
LOAD C:/ProgramData/MATLAB/SupportPackages/R2024b/3P.instrset/gnuarm-armcortex.instrset/win/bin/../lib/gcc/arm-none-eabi/13.2.1/thumb/v7e-m+dp/hard\libgcc.a
LOAD C:/ProgramData/MATLAB/SupportPackages/R2024b/3P.instrset/gnuarm-armcortex.instrset/win/bin/../lib/gcc/arm-none-eabi/13.2.1/thumb/v7e-m+dp/hard\libc_nano.a
LOAD C:/ProgramData/MATLAB/SupportPackages/R2024b/3P.instrset/gnuarm-armcortex.instrset/win/bin/../lib/gcc/arm-none-eabi/13.2.1/thumb/v7e-m+dp/hard\libnosys.a
END GROUP
START GROUP
LOAD C:/ProgramData/MATLAB/SupportPackages/R2024b/3P.instrset/gnuarm-armcortex.instrset/win/bin/../lib/gcc/arm-none-eabi/13.2.1/thumb/v7e-m+dp/hard\libgcc.a
LOAD C:/ProgramData/MATLAB/SupportPackages/R2024b/3P.instrset/gnuarm-armcortex.instrset/win/bin/../lib/gcc/arm-none-eabi/13.2.1/thumb/v7e-m+dp/hard\libc_nano.a
LOAD C:/ProgramData/MATLAB/SupportPackages/R2024b/3P.instrset/gnuarm-armcortex.instrset/win/bin/../lib/gcc/arm-none-eabi/13.2.1/thumb/v7e-m+dp/hard\libnosys.a
END GROUP
LOAD C:/ProgramData/MATLAB/SupportPackages/R2024b/3P.instrset/gnuarm-armcortex.instrset/win/bin/../lib/gcc/arm-none-eabi/13.2.1/thumb/v7e-m+dp/hard/crtend.o
LOAD C:/ProgramData/MATLAB/SupportPackages/R2024b/3P.instrset/gnuarm-armcortex.instrset/win/bin/../lib/gcc/arm-none-eabi/13.2.1/thumb/v7e-m+dp/hard/crtn.o
                0x24100000                        _estack = (ORIGIN (RAM) + LENGTH (RAM))
                0x00002000                        _Min_Heap_Size = 0x2000
                0x00004000                        _Min_Stack_Size = 0x4000

.isr_vector     0x08000000      0x2ac
                0x08000000                        . = ALIGN (0x4)
 *(.isr_vector)
 .isr_vector    0x08000000      0x2ac startup_stm32h7a3ritx.o
                0x08000000                g_pfnVectors
                0x080002ac                        . = ALIGN (0x4)

.text           0x080002b0    0x257bc
                0x080002b0                        . = ALIGN (0x4)
 *(.text)
 *(.text*)
 .text.deregister_tm_clones
                0x080002b0       0x1c C:/ProgramData/MATLAB/SupportPackages/R2024b/3P.instrset/gnuarm-armcortex.instrset/win/bin/../lib/gcc/arm-none-eabi/13.2.1/thumb/v7e-m+dp/hard/crtbegin.o
 .text.register_tm_clones
                0x080002cc       0x24 C:/ProgramData/MATLAB/SupportPackages/R2024b/3P.instrset/gnuarm-armcortex.instrset/win/bin/../lib/gcc/arm-none-eabi/13.2.1/thumb/v7e-m+dp/hard/crtbegin.o
 .text.__do_global_dtors_aux
                0x080002f0       0x28 C:/ProgramData/MATLAB/SupportPackages/R2024b/3P.instrset/gnuarm-armcortex.instrset/win/bin/../lib/gcc/arm-none-eabi/13.2.1/thumb/v7e-m+dp/hard/crtbegin.o
 .text.frame_dummy
                0x08000318       0x24 C:/ProgramData/MATLAB/SupportPackages/R2024b/3P.instrset/gnuarm-armcortex.instrset/win/bin/../lib/gcc/arm-none-eabi/13.2.1/thumb/v7e-m+dp/hard/crtbegin.o
 .text.LL_SPI_Enable
                0x0800033c       0x20 mw_stm32_spi_ll.o
 .text.LL_SPI_Disable
                0x0800035c       0x20 mw_stm32_spi_ll.o
 .text.LL_SPI_IsEnabled
                0x0800037c       0x26 mw_stm32_spi_ll.o
 .text.LL_SPI_GetMode
                0x080003a2       0x1c mw_stm32_spi_ll.o
 .text.LL_SPI_SuspendMasterTransfer
                0x080003be       0x20 mw_stm32_spi_ll.o
 .text.LL_SPI_StartMasterTransfer
                0x080003de       0x20 mw_stm32_spi_ll.o
 .text.LL_SPI_SetClockPhase
                0x080003fe       0x26 mw_stm32_spi_ll.o
 .text.LL_SPI_GetClockPhase
                0x08000424       0x1c mw_stm32_spi_ll.o
 .text.LL_SPI_SetClockPolarity
                0x08000440       0x26 mw_stm32_spi_ll.o
 .text.LL_SPI_GetClockPolarity
                0x08000466       0x1c mw_stm32_spi_ll.o
 .text.LL_SPI_GetTransferDirection
                0x08000482       0x2e mw_stm32_spi_ll.o
 .text.LL_SPI_SetDataWidth
                0x080004b0       0x26 mw_stm32_spi_ll.o
 .text.LL_SPI_GetDataWidth
                0x080004d6       0x1c mw_stm32_spi_ll.o
 .text.LL_SPI_IsActiveFlag_RXP
                0x080004f2       0x26 mw_stm32_spi_ll.o
 .text.LL_SPI_IsActiveFlag_EOT
                0x08000518       0x26 mw_stm32_spi_ll.o
 .text.LL_SPI_IsActiveFlag_TXC
                0x0800053e       0x28 mw_stm32_spi_ll.o
 .text.LL_SPI_IsActiveFlag_RXWNE
                0x08000566       0x28 mw_stm32_spi_ll.o
 .text.LL_SPI_GetRxFIFOPackingLevel
                0x0800058e       0x1c mw_stm32_spi_ll.o
 .text.LL_SPI_ReceiveData8
                0x080005aa       0x1c mw_stm32_spi_ll.o
 .text.MW_SPI_Disable
                0x080005c6       0xc6 mw_stm32_spi_ll.o
 .text.SPI_STM32_Init
                0x0800068c       0x88 mw_stm32_spi_ll.o
                0x0800068c                SPI_STM32_Init
 .text.MW_STM32_SPI_SetFormat
                0x08000714      0x1f2 mw_stm32_spi_ll.o
                0x08000714                MW_STM32_SPI_SetFormat
 .text.MW_SPI_Close
                0x08000906       0x1a mw_stm32_spi_ll.o
                0x08000906                MW_SPI_Close
 .text.LL_SPI_Enable
                0x08000920       0x20 ENV.o
 .text.LL_SPI_IsEnabled
                0x08000940       0x26 ENV.o
 .text.LL_SPI_IsActiveFlag_TXP
                0x08000966       0x26 ENV.o
 .text.LL_SPI_IsActiveFlag_RXWNE
                0x0800098c       0x28 ENV.o
 .text.LL_SPI_GetRxFIFOPackingLevel
                0x080009b4       0x1c ENV.o
 .text.LL_SPI_ReceiveData8
                0x080009d0       0x1c ENV.o
 .text.LL_SPI_ReceiveData16
                0x080009ec       0x1a ENV.o
 .text.LL_SPI_ReceiveData32
                0x08000a06       0x18 ENV.o
 .text.LL_SPI_TransmitData8
                0x08000a1e       0x20 ENV.o
 .text.LL_SPI_TransmitData16
                0x08000a3e       0x24 ENV.o
 .text.LL_SPI_TransmitData32
                0x08000a62       0x1c ENV.o
 .text.LL_GPIO_ReadInputPort
                0x08000a7e       0x18 ENV.o
 .text.LL_GPIO_SetOutputPin
                0x08000a96       0x1c ENV.o
 .text.LL_GPIO_ResetOutputPin
                0x08000ab2       0x1e ENV.o
 .text.MW_SPI_MasterWriteRead_Databits
                0x08000ad0      0x300 ENV.o
 .text.ENV_MATLABFunction
                0x08000dd0      0x16a ENV.o
                0x08000dd0                ENV_MATLABFunction
 *fill*         0x08000f3a        0x2 
 .text.ENV_SPIControllerTransfer_Init
                0x08000f3c       0x50 ENV.o
                0x08000f3c                ENV_SPIControllerTransfer_Init
 .text.ENV_SPIControllerTransfer
                0x08000f8c       0x60 ENV.o
                0x08000f8c                ENV_SPIControllerTransfer
 .text.ENV_SPIControllerTransfer_Term
                0x08000fec       0x46 ENV.o
                0x08000fec                ENV_SPIControllerTransfer_Term
 *fill*         0x08001032        0x2 
 .text.ENV_SPIControllerTransfer1_Init
                0x08001034       0x50 ENV.o
                0x08001034                ENV_SPIControllerTransfer1_Init
 .text.ENV_SPIControllerTransfer1
                0x08001084       0x60 ENV.o
                0x08001084                ENV_SPIControllerTransfer1
 .text.ENV_SPIControllerTransfer1_Term
                0x080010e4       0x46 ENV.o
                0x080010e4                ENV_SPIControllerTransfer1_Term
 *fill*         0x0800112a        0x2 
 .text.ENV_SPIControllerTransfer5_Init
                0x0800112c       0x50 ENV.o
                0x0800112c                ENV_SPIControllerTransfer5_Init
 .text.ENV_SPIControllerTransfer5
                0x0800117c       0x60 ENV.o
                0x0800117c                ENV_SPIControllerTransfer5
 .text.ENV_SPIControllerTransfer5_Term
                0x080011dc       0x46 ENV.o
                0x080011dc                ENV_SPIControllerTransfer5_Term
 *fill*         0x08001222        0x6 
 .text.ENV_step
                0x08001228     0x275c ENV.o
                0x08001228                ENV_step
 .text.ENV_initialize
                0x08003984      0x16c ENV.o
                0x08003984                ENV_initialize
 .text.ENV_terminate
                0x08003af0      0x114 ENV.o
                0x08003af0                ENV_terminate
 .text.rt_OneStep
                0x08003c04       0x4c ert_main.o
                0x08003c04                rt_OneStep
 .text.main     0x08003c50       0xcc ert_main.o
                0x08003c50                main
 .text.PeriphCommonClock_Config
                0x08003d1c       0x10 platform_timer.o
                0x08003d1c                PeriphCommonClock_Config
 .text.getCurrentTimestampInMicros
                0x08003d2c       0x40 platform_timer.o
                0x08003d2c                getCurrentTimestampInMicros
 .text.returnTimeElapsed
                0x08003d6c       0x2c platform_timer.o
                0x08003d6c                returnTimeElapsed
 .text.__NVIC_SetPriority
                0x08003d98       0x54 SysTickScheduler.o
 .text.SysTick_Config
                0x08003dec       0x44 SysTickScheduler.o
 .text.SysTick_Isr
                0x08003e30       0x48 SysTickScheduler.o
 .text.SysTick_Handler
                0x08003e78       0x20 SysTickScheduler.o
                0x08003e78                SysTick_Handler
 .text.ARMCM_SysTick_Config
                0x08003e98       0xb0 SysTickScheduler.o
                0x08003e98                ARMCM_SysTick_Config
 .text.PendSV_Handler
                0x08003f48       0x44 m3m4m4f_multitasking.o
                0x08003f48                PendSV_Handler
 .text.SVC_Handler
                0x08003f8c       0x58 m3m4m4f_multitasking.o
                0x08003f8c                SVC_Handler
 .text.LL_RCC_HSI_Enable
                0x08003fe4       0x20 main.o
 .text.LL_RCC_HSI_IsReady
                0x08004004       0x24 main.o
 .text.LL_RCC_HSI_SetDivider
                0x08004028       0x28 main.o
 .text.LL_RCC_HSI_SetCalibTrimming
                0x08004050       0x2c main.o
 .text.LL_RCC_SetSysClkSource
                0x0800407c       0x28 main.o
 .text.LL_RCC_GetSysClkSource
                0x080040a4       0x1c main.o
 .text.LL_RCC_SetAHBPrescaler
                0x080040c0       0x28 main.o
 .text.LL_RCC_SetAPB1Prescaler
                0x080040e8       0x28 main.o
 .text.LL_RCC_SetAPB2Prescaler
                0x08004110       0x28 main.o
 .text.LL_RCC_SetAPB3Prescaler
                0x08004138       0x28 main.o
 .text.LL_RCC_SetAPB4Prescaler
                0x08004160       0x28 main.o
 .text.LL_RCC_SetClockSource
                0x08004188       0x54 main.o
 .text.LL_RCC_SetSPIClockSource
                0x080041dc       0x16 main.o
 *fill*         0x080041f2        0x2 
 .text.LL_RCC_PLL_SetSource
                0x080041f4       0x28 main.o
 .text.LL_RCC_PLL1_Enable
                0x0800421c       0x20 main.o
 .text.LL_RCC_PLL1_IsReady
                0x0800423c       0x28 main.o
 .text.LL_RCC_PLL1P_Enable
                0x08004264       0x20 main.o
 .text.LL_RCC_PLL1Q_Enable
                0x08004284       0x20 main.o
 .text.LL_RCC_PLL1_SetVCOOutputRange
                0x080042a4       0x2c main.o
 .text.LL_RCC_PLL1_SetVCOInputRange
                0x080042d0       0x2c main.o
 .text.LL_RCC_PLL1_SetN
                0x080042fc       0x30 main.o
 .text.LL_RCC_PLL1_SetM
                0x0800432c       0x2c main.o
 .text.LL_RCC_PLL1_SetP
                0x08004358       0x2c main.o
 .text.LL_RCC_PLL1_SetQ
                0x08004384       0x2c main.o
 .text.LL_RCC_PLL1_SetR
                0x080043b0       0x2c main.o
 .text.LL_AHB4_GRP1_EnableClock
                0x080043dc       0x38 main.o
 .text.LL_APB2_GRP1_EnableClock
                0x08004414       0x38 main.o
 .text.LL_FLASH_SetLatency
                0x0800444c       0x28 main.o
 .text.LL_FLASH_GetLatency
                0x08004474       0x1c main.o
 .text.LL_PWR_ConfigSupply
                0x08004490       0x28 main.o
 .text.LL_PWR_SetRegulVoltageScaling
                0x080044b8       0x28 main.o
 .text.LL_PWR_IsActiveFlag_VOS
                0x080044e0       0x28 main.o
 .text.LL_SPI_SetStandard
                0x08004508       0x26 main.o
 .text.LL_SPI_SetFIFOThreshold
                0x0800452e       0x26 main.o
 .text.LL_SPI_DisableNSSPulseMgt
                0x08004554       0x20 main.o
 .text.LL_GPIO_SetOutputPin
                0x08004574       0x1c main.o
 .text.LL_GPIO_ResetOutputPin
                0x08004590       0x1e main.o
 *fill*         0x080045ae        0x2 
 .text.SystemClock_Config
                0x080045b0       0xf8 main.o
                0x080045b0                SystemClock_Config
 .text.MX_SPI1_Init
                0x080046a8       0xc0 main.o
                0x080046a8                MX_SPI1_Init
 .text.MX_GPIO_Init
                0x08004768      0x124 main.o
                0x08004768                MX_GPIO_Init
 .text.HAL_TIM_PeriodElapsedCallback
                0x0800488c       0x24 main.o
                0x0800488c                HAL_TIM_PeriodElapsedCallback
 .text.Error_Handler
                0x080048b0        0xc main.o
                0x080048b0                Error_Handler
 .text.NMI_Handler
                0x080048bc        0x8 stm32h7xx_it.o
                0x080048bc                NMI_Handler
 .text.HardFault_Handler
                0x080048c4        0x8 stm32h7xx_it.o
                0x080048c4                HardFault_Handler
 .text.MemManage_Handler
                0x080048cc        0x8 stm32h7xx_it.o
                0x080048cc                MemManage_Handler
 .text.BusFault_Handler
                0x080048d4        0x8 stm32h7xx_it.o
                0x080048d4                BusFault_Handler
 .text.UsageFault_Handler
                0x080048dc        0x8 stm32h7xx_it.o
                0x080048dc                UsageFault_Handler
 .text.DebugMon_Handler
                0x080048e4        0xe stm32h7xx_it.o
                0x080048e4                DebugMon_Handler
 *fill*         0x080048f2        0x2 
 .text.TIM1_UP_IRQHandler
                0x080048f4       0x14 stm32h7xx_it.o
                0x080048f4                TIM1_UP_IRQHandler
 .text.HAL_MspInit
                0x08004908       0x34 stm32h7xx_hal_msp.o
                0x08004908                HAL_MspInit
 .text.HAL_InitTick
                0x0800493c       0xc4 stm32h7xx_hal_timebase_tim.o
                0x0800493c                HAL_InitTick
 .text.HAL_TIM_Base_Init
                0x08004a00       0xae stm32h7xx_hal_tim.o
                0x08004a00                HAL_TIM_Base_Init
 .text.HAL_TIM_Base_MspInit
                0x08004aae       0x14 stm32h7xx_hal_tim.o
                0x08004aae                HAL_TIM_Base_MspInit
 *fill*         0x08004ac2        0x2 
 .text.HAL_TIM_Base_Start_IT
                0x08004ac4       0xf0 stm32h7xx_hal_tim.o
                0x08004ac4                HAL_TIM_Base_Start_IT
 .text.HAL_TIM_IRQHandler
                0x08004bb4      0x23e stm32h7xx_hal_tim.o
                0x08004bb4                HAL_TIM_IRQHandler
 .text.HAL_TIM_OC_DelayElapsedCallback
                0x08004df2       0x14 stm32h7xx_hal_tim.o
                0x08004df2                HAL_TIM_OC_DelayElapsedCallback
 .text.HAL_TIM_IC_CaptureCallback
                0x08004e06       0x14 stm32h7xx_hal_tim.o
                0x08004e06                HAL_TIM_IC_CaptureCallback
 .text.HAL_TIM_PWM_PulseFinishedCallback
                0x08004e1a       0x14 stm32h7xx_hal_tim.o
                0x08004e1a                HAL_TIM_PWM_PulseFinishedCallback
 .text.HAL_TIM_TriggerCallback
                0x08004e2e       0x14 stm32h7xx_hal_tim.o
                0x08004e2e                HAL_TIM_TriggerCallback
 *fill*         0x08004e42        0x2 
 .text.TIM_Base_SetConfig
                0x08004e44      0x134 stm32h7xx_hal_tim.o
                0x08004e44                TIM_Base_SetConfig
 .text.HAL_TIMEx_CommutCallback
                0x08004f78       0x14 stm32h7xx_hal_tim_ex.o
                0x08004f78                HAL_TIMEx_CommutCallback
 .text.HAL_TIMEx_BreakCallback
                0x08004f8c       0x14 stm32h7xx_hal_tim_ex.o
                0x08004f8c                HAL_TIMEx_BreakCallback
 .text.HAL_TIMEx_Break2Callback
                0x08004fa0       0x14 stm32h7xx_hal_tim_ex.o
                0x08004fa0                HAL_TIMEx_Break2Callback
 .text.LL_GPIO_SetPinMode
                0x08004fb4       0x40 stm32h7xx_ll_gpio.o
 .text.LL_GPIO_SetPinOutputType
                0x08004ff4       0x30 stm32h7xx_ll_gpio.o
 .text.LL_GPIO_SetPinSpeed
                0x08005024       0x40 stm32h7xx_ll_gpio.o
 .text.LL_GPIO_SetPinPull
                0x08005064       0x40 stm32h7xx_ll_gpio.o
 .text.LL_GPIO_SetAFPin_0_7
                0x080050a4       0x58 stm32h7xx_ll_gpio.o
 .text.LL_GPIO_SetAFPin_8_15
                0x080050fc       0x6c stm32h7xx_ll_gpio.o
 .text.LL_GPIO_Init
                0x08005168       0xdc stm32h7xx_ll_gpio.o
                0x08005168                LL_GPIO_Init
 .text.LL_SetSystemCoreClock
                0x08005244       0x20 stm32h7xx_ll_utils.o
                0x08005244                LL_SetSystemCoreClock
 .text.HAL_RCC_GetSysClockFreq
                0x08005264      0x2f4 stm32h7xx_hal_rcc.o
                0x08005264                HAL_RCC_GetSysClockFreq
 .text.HAL_RCC_GetHCLKFreq
                0x08005558       0x60 stm32h7xx_hal_rcc.o
                0x08005558                HAL_RCC_GetHCLKFreq
 .text.HAL_RCC_GetPCLK2Freq
                0x080055b8       0x2c stm32h7xx_hal_rcc.o
                0x080055b8                HAL_RCC_GetPCLK2Freq
 .text.HAL_RCC_GetClockConfig
                0x080055e4       0x84 stm32h7xx_hal_rcc.o
                0x080055e4                HAL_RCC_GetClockConfig
 .text.__NVIC_SetPriorityGrouping
                0x08005668       0x48 stm32h7xx_hal_cortex.o
 .text.__NVIC_GetPriorityGrouping
                0x080056b0       0x1c stm32h7xx_hal_cortex.o
 .text.__NVIC_EnableIRQ
                0x080056cc       0x3c stm32h7xx_hal_cortex.o
 .text.__NVIC_SetPriority
                0x08005708       0x54 stm32h7xx_hal_cortex.o
 .text.NVIC_EncodePriority
                0x0800575c       0x66 stm32h7xx_hal_cortex.o
 .text.HAL_NVIC_SetPriorityGrouping
                0x080057c2       0x16 stm32h7xx_hal_cortex.o
                0x080057c2                HAL_NVIC_SetPriorityGrouping
 .text.HAL_NVIC_SetPriority
                0x080057d8       0x34 stm32h7xx_hal_cortex.o
                0x080057d8                HAL_NVIC_SetPriority
 .text.HAL_NVIC_EnableIRQ
                0x0800580c       0x1c stm32h7xx_hal_cortex.o
                0x0800580c                HAL_NVIC_EnableIRQ
 .text.HAL_Init
                0x08005828       0x78 stm32h7xx_hal.o
                0x08005828                HAL_Init
 .text.HAL_IncTick
                0x080058a0       0x28 stm32h7xx_hal.o
                0x080058a0                HAL_IncTick
 .text.HAL_GetTick
                0x080058c8       0x18 stm32h7xx_hal.o
                0x080058c8                HAL_GetTick
 .text.LL_SPI_IsEnabled
                0x080058e0       0x26 stm32h7xx_ll_spi.o
 .text.LL_SPI_SetInternalSSLevel
                0x08005906       0x26 stm32h7xx_ll_spi.o
 .text.LL_SPI_GetNSSPolarity
                0x0800592c       0x1c stm32h7xx_ll_spi.o
 .text.LL_SPI_SetCRCPolynomial
                0x08005948       0x1c stm32h7xx_ll_spi.o
 .text.LL_SPI_Init
                0x08005964      0x100 stm32h7xx_ll_spi.o
                0x08005964                LL_SPI_Init
 .text.SystemInit
                0x08005a64      0x120 system_stm32h7xx.o
                0x08005a64                SystemInit
 .text.ExitRun0Mode
                0x08005b84       0x30 system_stm32h7xx.o
                0x08005b84                ExitRun0Mode
 .text.Reset_Handler
                0x08005bb4       0x54 startup_stm32h7a3ritx.o
                0x08005bb4                Reset_Handler
 .text.Default_Handler
                0x08005c08        0x2 startup_stm32h7a3ritx.o
                0x08005c08                RTC_Alarm_IRQHandler
                0x08005c08                EXTI2_IRQHandler
                0x08005c08                TIM8_CC_IRQHandler
                0x08005c08                UART8_IRQHandler
                0x08005c08                BDMA2_Channel1_IRQHandler
                0x08005c08                SPI4_IRQHandler
                0x08005c08                BDMA2_Channel0_IRQHandler
                0x08005c08                TIM1_CC_IRQHandler
                0x08005c08                DMA2_Stream5_IRQHandler
                0x08005c08                JPEG_IRQHandler
                0x08005c08                DMA1_Stream5_IRQHandler
                0x08005c08                EXTI3_IRQHandler
                0x08005c08                LPTIM4_IRQHandler
                0x08005c08                TIM8_TRG_COM_TIM14_IRQHandler
                0x08005c08                LPTIM2_IRQHandler
                0x08005c08                DFSDM1_FLT1_IRQHandler
                0x08005c08                DMAMUX2_OVR_IRQHandler
                0x08005c08                GFXMMU_IRQHandler
                0x08005c08                TIM8_UP_TIM13_IRQHandler
                0x08005c08                I2C3_ER_IRQHandler
                0x08005c08                DFSDM1_FLT2_IRQHandler
                0x08005c08                USART10_IRQHandler
                0x08005c08                MDMA_IRQHandler
                0x08005c08                LPTIM3_IRQHandler
                0x08005c08                BDMA2_Channel3_IRQHandler
                0x08005c08                HSEM1_IRQHandler
                0x08005c08                EXTI0_IRQHandler
                0x08005c08                I2C2_EV_IRQHandler
                0x08005c08                DAC2_IRQHandler
                0x08005c08                DMA1_Stream2_IRQHandler
                0x08005c08                FPU_IRQHandler
                0x08005c08                OTG_HS_WKUP_IRQHandler
                0x08005c08                FDCAN1_IT1_IRQHandler
                0x08005c08                LTDC_ER_IRQHandler
                0x08005c08                DMA2_Stream2_IRQHandler
                0x08005c08                SPI1_IRQHandler
                0x08005c08                OCTOSPI1_IRQHandler
                0x08005c08                TIM6_DAC_IRQHandler
                0x08005c08                BDMA2_Channel6_IRQHandler
                0x08005c08                DMA2_Stream3_IRQHandler
                0x08005c08                OCTOSPI2_IRQHandler
                0x08005c08                SAI2_IRQHandler
                0x08005c08                BDMA1_IRQHandler
                0x08005c08                DFSDM1_FLT3_IRQHandler
                0x08005c08                USART6_IRQHandler
                0x08005c08                TIM17_IRQHandler
                0x08005c08                USART3_IRQHandler
                0x08005c08                LPTIM5_IRQHandler
                0x08005c08                UART5_IRQHandler
                0x08005c08                DMA2_Stream0_IRQHandler
                0x08005c08                TIM4_IRQHandler
                0x08005c08                I2C1_EV_IRQHandler
                0x08005c08                DMA1_Stream6_IRQHandler
                0x08005c08                DMAMUX1_OVR_IRQHandler
                0x08005c08                DMA1_Stream1_IRQHandler
                0x08005c08                TIM16_IRQHandler
                0x08005c08                UART4_IRQHandler
                0x08005c08                TIM3_IRQHandler
                0x08005c08                RCC_IRQHandler
                0x08005c08                UART9_IRQHandler
                0x08005c08                TIM8_BRK_TIM12_IRQHandler
                0x08005c08                TIM1_TRG_COM_IRQHandler
                0x08005c08                Default_Handler
                0x08005c08                ECC_IRQHandler
                0x08005c08                BDMA2_Channel2_IRQHandler
                0x08005c08                CEC_IRQHandler
                0x08005c08                EXTI15_10_IRQHandler
                0x08005c08                DFSDM1_FLT4_IRQHandler
                0x08005c08                ADC_IRQHandler
                0x08005c08                DMA1_Stream7_IRQHandler
                0x08005c08                SPI5_IRQHandler
                0x08005c08                TIM7_IRQHandler
                0x08005c08                SDMMC1_IRQHandler
                0x08005c08                TIM5_IRQHandler
                0x08005c08                DMA2_Stream7_IRQHandler
                0x08005c08                TIM15_IRQHandler
                0x08005c08                I2C3_EV_IRQHandler
                0x08005c08                DFSDM2_IRQHandler
                0x08005c08                EXTI9_5_IRQHandler
                0x08005c08                RTC_WKUP_IRQHandler
                0x08005c08                LTDC_IRQHandler
                0x08005c08                SPDIF_RX_IRQHandler
                0x08005c08                PVD_PVM_IRQHandler
                0x08005c08                SPI2_IRQHandler
                0x08005c08                OTG_HS_EP1_IN_IRQHandler
                0x08005c08                DFSDM1_FLT5_IRQHandler
                0x08005c08                DMA1_Stream0_IRQHandler
                0x08005c08                CRS_IRQHandler
                0x08005c08                EXTI4_IRQHandler
                0x08005c08                DFSDM1_FLT6_IRQHandler
                0x08005c08                RNG_IRQHandler
                0x08005c08                FDCAN2_IT1_IRQHandler
                0x08005c08                COMP_IRQHandler
                0x08005c08                OTG_HS_EP1_OUT_IRQHandler
                0x08005c08                WWDG_IRQHandler
                0x08005c08                SPI6_IRQHandler
                0x08005c08                MDIOS_IRQHandler
                0x08005c08                I2C4_EV_IRQHandler
                0x08005c08                FDCAN2_IT0_IRQHandler
                0x08005c08                LPUART1_IRQHandler
                0x08005c08                FDCAN1_IT0_IRQHandler
                0x08005c08                TIM2_IRQHandler
                0x08005c08                BDMA2_Channel5_IRQHandler
                0x08005c08                OTG_HS_IRQHandler
                0x08005c08                DMA2D_IRQHandler
                0x08005c08                TIM1_BRK_IRQHandler
                0x08005c08                EXTI1_IRQHandler
                0x08005c08                SDMMC2_IRQHandler
                0x08005c08                DTS_IRQHandler
                0x08005c08                UART7_IRQHandler
                0x08005c08                MDIOS_WKUP_IRQHandler
                0x08005c08                USART2_IRQHandler
                0x08005c08                DFSDM1_FLT0_IRQHandler
                0x08005c08                I2C2_ER_IRQHandler
                0x08005c08                DMA2_Stream1_IRQHandler
                0x08005c08                DFSDM1_FLT7_IRQHandler
                0x08005c08                FLASH_IRQHandler
                0x08005c08                DMA2_Stream4_IRQHandler
                0x08005c08                USART1_IRQHandler
                0x08005c08                SPI3_IRQHandler
                0x08005c08                WAKEUP_PIN_IRQHandler
                0x08005c08                DMA1_Stream4_IRQHandler
                0x08005c08                I2C1_ER_IRQHandler
                0x08005c08                FMC_IRQHandler
                0x08005c08                BDMA2_Channel7_IRQHandler
                0x08005c08                FDCAN_CAL_IRQHandler
                0x08005c08                SWPMI1_IRQHandler
                0x08005c08                LPTIM1_IRQHandler
                0x08005c08                DCMI_PSSI_IRQHandler
                0x08005c08                I2C4_ER_IRQHandler
                0x08005c08                DMA2_Stream6_IRQHandler
                0x08005c08                SAI1_IRQHandler
                0x08005c08                DMA1_Stream3_IRQHandler
                0x08005c08                RTC_TAMP_STAMP_CSS_LSE_IRQHandler
                0x08005c08                BDMA2_Channel4_IRQHandler
 .text.MASTER_Init
                0x08005c0a       0x42 ../slprj/ert/MASTER/MASTER_rtwlib.lib(MASTER.o)
                0x08005c0a                MASTER_Init
 .text.MASTER   0x08005c4c     0x8876 ../slprj/ert/MASTER/MASTER_rtwlib.lib(MASTER.o)
                0x08005c4c                MASTER
 .text.MASTER_initialize
                0x0800e4c2       0x9a ../slprj/ert/MASTER/MASTER_rtwlib.lib(MASTER.o)
                0x0800e4c2                MASTER_initialize
 .text.INPUT    0x0800e55c      0x446 ../slprj/ert/INPUT/INPUT_rtwlib.lib(INPUT.o)
                0x0800e55c                INPUT
 .text.INPUT_initialize
                0x0800e9a2       0x68 ../slprj/ert/INPUT/INPUT_rtwlib.lib(INPUT.o)
                0x0800e9a2                INPUT_initialize
 *fill*         0x0800ea0a        0x6 
 .text.BMSInputs
                0x0800ea10      0x100 ../slprj/ert/BMSInputs/BMSInputs_rtwlib.lib(BMSInputs.o)
                0x0800ea10                BMSInputs
 .text.BMSInputs_initialize
                0x0800eb10       0x1c ../slprj/ert/BMSInputs/BMSInputs_rtwlib.lib(BMSInputs.o)
                0x0800eb10                BMSInputs_initialize
 .text.GPSIMUInputs
                0x0800eb2c       0x66 ../slprj/ert/GPSIMUInputs/GPSIMUInputs_rtwlib.lib(GPSIMUInputs.o)
                0x0800eb2c                GPSIMUInputs
 .text.GPSIMUInputs_initialize
                0x0800eb92       0x1c ../slprj/ert/GPSIMUInputs/GPSIMUInputs_rtwlib.lib(GPSIMUInputs.o)
                0x0800eb92                GPSIMUInputs_initialize
 .text.InverterInputs
                0x0800ebae      0x2ae ../slprj/ert/InverterInputs/InverterInputs_rtwlib.lib(InverterInputs.o)
                0x0800ebae                InverterInputs
 .text.InverterInputs_initialize
                0x0800ee5c       0x1c ../slprj/ert/InverterInputs/InverterInputs_rtwlib.lib(InverterInputs.o)
                0x0800ee5c                InverterInputs_initialize
 .text.SensorInputs
                0x0800ee78       0xde ../slprj/ert/SensorInputs/SensorInputs_rtwlib.lib(SensorInputs.o)
                0x0800ee78                SensorInputs
 .text.SensorInputs_initialize
                0x0800ef56       0x1c ../slprj/ert/SensorInputs/SensorInputs_rtwlib.lib(SensorInputs.o)
                0x0800ef56                SensorInputs_initialize
 *fill*         0x0800ef72        0x6 
 .text.WheelSpeedInputs
                0x0800ef78       0xc8 ../slprj/ert/WheelSpeedInputs/WheelSpeedInputs_rtwlib.lib(WheelSpeedInputs.o)
                0x0800ef78                WheelSpeedInputs
 .text.WheelSpeedInputs_initialize
                0x0800f040       0x1c ../slprj/ert/WheelSpeedInputs/WheelSpeedInputs_rtwlib.lib(WheelSpeedInputs.o)
                0x0800f040                WheelSpeedInputs_initialize
 .text.LIMITATIONS
                0x0800f05c      0x160 ../slprj/ert/LIMITATIONS/LIMITATIONS_rtwlib.lib(LIMITATIONS.o)
                0x0800f05c                LIMITATIONS
 .text.LIMITATIONS_initialize
                0x0800f1bc       0xb8 ../slprj/ert/LIMITATIONS/LIMITATIONS_rtwlib.lib(LIMITATIONS.o)
                0x0800f1bc                LIMITATIONS_initialize
 *fill*         0x0800f274        0x4 
 .text.BAllowTorque
                0x0800f278       0xf0 ../slprj/ert/BAllowTorque/BAllowTorque_rtwlib.lib(BAllowTorque.o)
                0x0800f278                BAllowTorque
 .text.BAllowTorque_initialize
                0x0800f368       0x1c ../slprj/ert/BAllowTorque/BAllowTorque_rtwlib.lib(BAllowTorque.o)
                0x0800f368                BAllowTorque_initialize
 .text.PCellVoltageDerate
                0x0800f384       0x64 ../slprj/ert/PCellVoltageDerate/PCellVoltageDerate_rtwlib.lib(PCellVoltageDerate.o)
                0x0800f384                PCellVoltageDerate
 .text.PCellVoltageDerate_initialize
                0x0800f3e8       0x1c ../slprj/ert/PCellVoltageDerate/PCellVoltageDerate_rtwlib.lib(PCellVoltageDerate.o)
                0x0800f3e8                PCellVoltageDerate_initialize
 .text.PDischargeDerate
                0x0800f404       0x66 ../slprj/ert/PDischargeDerate/PDischargeDerate_rtwlib.lib(PDischargeDerate.o)
                0x0800f404                PDischargeDerate
 .text.PDischargeDerate_initialize
                0x0800f46a       0x1c ../slprj/ert/PDischargeDerate/PDischargeDerate_rtwlib.lib(PDischargeDerate.o)
                0x0800f46a                PDischargeDerate_initialize
 *fill*         0x0800f486        0x2 
 .text.PHighCellTemperatureDerate
                0x0800f488       0x38 ../slprj/ert/PHighCellTemperatureDerate/PHighCellTemperatureDerate_rtwlib.lib(PHighCellTemperatureDerate.o)
                0x0800f488                PHighCellTemperatureDerate
 .text.PHighCellTemperature_initialize
                0x0800f4c0       0x1c ../slprj/ert/PHighCellTemperatureDerate/PHighCellTemperatureDerate_rtwlib.lib(PHighCellTemperatureDerate.o)
                0x0800f4c0                PHighCellTemperature_initialize
 .text.PInvTemperatureDerate
                0x0800f4dc       0xc4 ../slprj/ert/PInvTemperatureDerate/PInvTemperatureDerate_rtwlib.lib(PInvTemperatureDerate.o)
                0x0800f4dc                PInvTemperatureDerate
 .text.PInvTemperatureDerat_initialize
                0x0800f5a0       0x1c ../slprj/ert/PInvTemperatureDerate/PInvTemperatureDerate_rtwlib.lib(PInvTemperatureDerate.o)
                0x0800f5a0                PInvTemperatureDerat_initialize
 .text.PMotorTemperatureDerate
                0x0800f5bc       0xc4 ../slprj/ert/PMotorTemperatureDerate/PMotorTemperatureDerate_rtwlib.lib(PMotorTemperatureDerate.o)
                0x0800f5bc                PMotorTemperatureDerate
 .text.PMotorTemperatureDer_initialize
                0x0800f680       0x1c ../slprj/ert/PMotorTemperatureDerate/PMotorTemperatureDerate_rtwlib.lib(PMotorTemperatureDerate.o)
                0x0800f680                PMotorTemperatureDer_initialize
 .text.PRegenDerate
                0x0800f69c       0x4e ../slprj/ert/PRegenDerate/PRegenDerate_rtwlib.lib(PRegenDerate.o)
                0x0800f69c                PRegenDerate
 .text.PRegenDerate_initialize
                0x0800f6ea       0x1c ../slprj/ert/PRegenDerate/PRegenDerate_rtwlib.lib(PRegenDerate.o)
                0x0800f6ea                PRegenDerate_initialize
 *fill*         0x0800f706        0x2 
 .text.PSOCDerate
                0x0800f708       0x60 ../slprj/ert/PSOCDerate/PSOCDerate_rtwlib.lib(PSOCDerate.o)
                0x0800f708                PSOCDerate
 .text.PSOCDerate_initialize
                0x0800f768       0x1c ../slprj/ert/PSOCDerate/PSOCDerate_rtwlib.lib(PSOCDerate.o)
                0x0800f768                PSOCDerate_initialize
 .text.PTSTemperatureDerate
                0x0800f784       0x9e ../slprj/ert/PTSTemperatureDerate/PTSTemperatureDerate_rtwlib.lib(PTSTemperatureDerate.o)
                0x0800f784                PTSTemperatureDerate
 .text.PTSTemperatureDerate_initialize
                0x0800f822       0x1c ../slprj/ert/PTSTemperatureDerate/PTSTemperatureDerate_rtwlib.lib(PTSTemperatureDerate.o)
                0x0800f822                PTSTemperatureDerate_initialize
 *fill*         0x0800f83e        0x2 
 .text.rSpeedRegenDerate
                0x0800f840       0xf0 ../slprj/ert/rSpeedRegenDerate/rSpeedRegenDerate_rtwlib.lib(rSpeedRegenDerate.o)
                0x0800f840                rSpeedRegenDerate
 .text.rSpeedRegenDerate_initialize
                0x0800f930       0x1c ../slprj/ert/rSpeedRegenDerate/rSpeedRegenDerate_rtwlib.lib(rSpeedRegenDerate.o)
                0x0800f930                rSpeedRegenDerate_initialize
 .text.STATEFLOW_Init
                0x0800f94c       0x1a ../slprj/ert/STATEFLOW/STATEFLOW_rtwlib.lib(STATEFLOW.o)
                0x0800f94c                STATEFLOW_Init
 .text.STATEFLOW
                0x0800f966      0x1c8 ../slprj/ert/STATEFLOW/STATEFLOW_rtwlib.lib(STATEFLOW.o)
                0x0800f966                STATEFLOW
 .text.STATEFLOW_initialize
                0x0800fb2e       0x4a ../slprj/ert/STATEFLOW/STATEFLOW_rtwlib.lib(STATEFLOW.o)
                0x0800fb2e                STATEFLOW_initialize
 .text.NBMSState_BBMSError
                0x0800fb78       0x9c ../slprj/ert/NBMSState/NBMSState_rtwlib.lib(NBMSState.o)
 .text.NBMSState
                0x0800fc14      0x570 ../slprj/ert/NBMSState/NBMSState_rtwlib.lib(NBMSState.o)
                0x0800fc14                NBMSState
 .text.NBMSState_initialize
                0x08010184       0x1c ../slprj/ert/NBMSState/NBMSState_rtwlib.lib(NBMSState.o)
                0x08010184                NBMSState_initialize
 .text.NCarState
                0x080101a0      0x474 ../slprj/ert/NCarState/NCarState_rtwlib.lib(NCarState.o)
                0x080101a0                NCarState
 .text.NCarState_initialize
                0x08010614       0x1c ../slprj/ert/NCarState/NCarState_rtwlib.lib(NCarState.o)
                0x08010614                NCarState_initialize
 .text.NInvState_Encoder_Reset_FL
                0x08010630      0x4cc ../slprj/ert/NInvState/NInvState_rtwlib.lib(NInvState.o)
 *fill*         0x08010afc        0x4 
 .text.NInvState_Encoder_Reset_FR
                0x08010b00      0x4cc ../slprj/ert/NInvState/NInvState_rtwlib.lib(NInvState.o)
 *fill*         0x08010fcc        0x4 
 .text.NInvState_Encoder_Reset_RL
                0x08010fd0      0x4ec ../slprj/ert/NInvState/NInvState_rtwlib.lib(NInvState.o)
 *fill*         0x080114bc        0x4 
 .text.NInvState_Encoder_Reset_RR
                0x080114c0      0x4c4 ../slprj/ert/NInvState/NInvState_rtwlib.lib(NInvState.o)
 .text.exit_internal_Inverter_HV_Check
                0x08011984       0xbc ../slprj/ert/NInvState/NInvState_rtwlib.lib(NInvState.o)
 .text.NInvState_Inverter_HV_CheckFR
                0x08011a40      0x43c ../slprj/ert/NInvState/NInvState_rtwlib.lib(NInvState.o)
 *fill*         0x08011e7c        0x4 
 .text.NInvState_Inverter_HV_CheckRR
                0x08011e80      0x43c ../slprj/ert/NInvState/NInvState_rtwlib.lib(NInvState.o)
 *fill*         0x080122bc        0x4 
 .text.NInvState_Inverter_HV_ChecksFL
                0x080122c0      0x43c ../slprj/ert/NInvState/NInvState_rtwlib.lib(NInvState.o)
 *fill*         0x080126fc        0x4 
 .text.NInvState_Inverter_HV_Checks
                0x08012700      0x634 ../slprj/ert/NInvState/NInvState_rtwlib.lib(NInvState.o)
 .text.NInvState_Init
                0x08012d34       0x1c ../slprj/ert/NInvState/NInvState_rtwlib.lib(NInvState.o)
                0x08012d34                NInvState_Init
 .text.NInvState
                0x08012d50      0x994 ../slprj/ert/NInvState/NInvState_rtwlib.lib(NInvState.o)
                0x08012d50                NInvState
 .text.NInvState_initialize
                0x080136e4       0x1c ../slprj/ert/NInvState/NInvState_rtwlib.lib(NInvState.o)
                0x080136e4                NInvState_initialize
 .text.SYSTEMS_Init
                0x08013700       0x62 ../slprj/ert/SYSTEMS/SYSTEMS_rtwlib.lib(SYSTEMS.o)
                0x08013700                SYSTEMS_Init
 *fill*         0x08013762        0x2 
 .text.SYSTEMS  0x08013764      0x460 ../slprj/ert/SYSTEMS/SYSTEMS_rtwlib.lib(SYSTEMS.o)
                0x08013764                SYSTEMS
 .text.SYSTEMS_initialize
                0x08013bc4      0x1a4 ../slprj/ert/SYSTEMS/SYSTEMS_rtwlib.lib(SYSTEMS.o)
                0x08013bc4                SYSTEMS_initialize
 .text.BAppsOK  0x08013d68      0x100 ../slprj/ert/BAppsOK/BAppsOK_rtwlib.lib(BAppsOK.o)
                0x08013d68                BAppsOK
 .text.BAppsOK_initialize
                0x08013e68       0x1c ../slprj/ert/BAppsOK/BAppsOK_rtwlib.lib(BAppsOK.o)
                0x08013e68                BAppsOK_initialize
 *fill*         0x08013e84        0x4 
 .text.BBrakeError
                0x08013e88      0x110 ../slprj/ert/BBrakeError/BBrakeError_rtwlib.lib(BBrakeError.o)
                0x08013e88                BBrakeError
 .text.BBrakeError_initialize
                0x08013f98       0x1c ../slprj/ert/BBrakeError/BBrakeError_rtwlib.lib(BBrakeError.o)
                0x08013f98                BBrakeError_initialize
 *fill*         0x08013fb4        0x4 
 .text.BBrakeLight
                0x08013fb8       0x90 ../slprj/ert/BBrakeLight/BBrakeLight_rtwlib.lib(BBrakeLight.o)
                0x08013fb8                BBrakeLight
 .text.BBrakeLight_initialize
                0x08014048       0x1c ../slprj/ert/BBrakeLight/BBrakeLight_rtwlib.lib(BBrakeLight.o)
                0x08014048                BBrakeLight_initialize
 *fill*         0x08014064        0x4 
 .text.BDamperOk
                0x08014068      0x190 ../slprj/ert/BDamperOk/BDamperOk_rtwlib.lib(BDamperOk.o)
                0x08014068                BDamperOk
 .text.BDamperOk_initialize
                0x080141f8       0x1c ../slprj/ert/BDamperOk/BDamperOk_rtwlib.lib(BDamperOk.o)
                0x080141f8                BDamperOk_initialize
 .text.BDrivetrainCoolingOn
                0x08014214       0x92 ../slprj/ert/BDrivetrainCoolingOn/BDrivetrainCoolingOn_rtwlib.lib(BDrivetrainCoolingOn.o)
                0x08014214                BDrivetrainCoolingOn
 .text.BDrivetrainCoolingOn_initialize
                0x080142a6       0x1c ../slprj/ert/BDrivetrainCoolingOn/BDrivetrainCoolingOn_rtwlib.lib(BDrivetrainCoolingOn.o)
                0x080142a6                BDrivetrainCoolingOn_initialize
 *fill*         0x080142c2        0x6 
 .text.BIMUOk   0x080142c8      0x1e8 ../slprj/ert/BIMUOk/BIMUOk_rtwlib.lib(BIMUOk.o)
                0x080142c8                BIMUOk
 .text.BIMUOk_initialize
                0x080144b0       0x1c ../slprj/ert/BIMUOk/BIMUOk_rtwlib.lib(BIMUOk.o)
                0x080144b0                BIMUOk_initialize
 *fill*         0x080144cc        0x4 
 .text.BInverterError
                0x080144d0       0xd0 ../slprj/ert/BInverterError/BInverterError_rtwlib.lib(BInverterError.o)
                0x080144d0                BInverterError
 .text.BInverterError_initialize
                0x080145a0       0x1c ../slprj/ert/BInverterError/BInverterError_rtwlib.lib(BInverterError.o)
                0x080145a0                BInverterError_initialize
 *fill*         0x080145bc        0x4 
 .text.BPCComplete
                0x080145c0       0x68 ../slprj/ert/BPCComplete/BPCComplete_rtwlib.lib(BPCComplete.o)
                0x080145c0                BPCComplete
 .text.BPCComplete_initialize
                0x08014628       0x1c ../slprj/ert/BPCComplete/BPCComplete_rtwlib.lib(BPCComplete.o)
                0x08014628                BPCComplete_initialize
 *fill*         0x08014644        0x4 
 .text.BPedalOverlap
                0x08014648       0x90 ../slprj/ert/BPedalOverlap/BPedalOverlap_rtwlib.lib(BPedalOverlap.o)
                0x08014648                BPedalOverlap
 .text.BPedalOverlap_initialize
                0x080146d8       0x1c ../slprj/ert/BPedalOverlap/BPedalOverlap_rtwlib.lib(BPedalOverlap.o)
                0x080146d8                BPedalOverlap_initialize
 *fill*         0x080146f4        0x4 
 .text.BThrottleError
                0x080146f8       0xc8 ../slprj/ert/BThrottleError/BThrottleError_rtwlib.lib(BThrottleError.o)
                0x080146f8                BThrottleError
 .text.BThrottleError_initialize
                0x080147c0       0x1c ../slprj/ert/BThrottleError/BThrottleError_rtwlib.lib(BThrottleError.o)
                0x080147c0                BThrottleError_initialize
 *fill*         0x080147dc        0x4 
 .text.MMotorMax
                0x080147e0      0x1a0 ../slprj/ert/MMotorMax/MMotorMax_rtwlib.lib(MMotorMax.o)
                0x080147e0                MMotorMax
 .text.MMotorMax_initialize
                0x08014980       0x1c ../slprj/ert/MMotorMax/MMotorMax_rtwlib.lib(MMotorMax.o)
                0x08014980                MMotorMax_initialize
 *fill*         0x0801499c        0x4 
 .text.PActual  0x080149a0       0x40 ../slprj/ert/PActual/PActual_rtwlib.lib(PActual.o)
                0x080149a0                PActual
 .text.PActual_initialize
                0x080149e0       0x1c ../slprj/ert/PActual/PActual_rtwlib.lib(PActual.o)
                0x080149e0                PActual_initialize
 *fill*         0x080149fc        0x4 
 .text.PEnergyMeter
                0x08014a00       0xf0 ../slprj/ert/PEnergyMeter/PEnergyMeter_rtwlib.lib(PEnergyMeter.o)
                0x08014a00                PEnergyMeter
 .text.PEnergyMeter_initialize
                0x08014af0       0x1c ../slprj/ert/PEnergyMeter/PEnergyMeter_rtwlib.lib(PEnergyMeter.o)
                0x08014af0                PEnergyMeter_initialize
 .text.SteeringWhe_IfActionSubsystem10
                0x08014b0c       0x2a ../slprj/ert/SteeringWheel/SteeringWheel_rtwlib.lib(SteeringWheel.o)
                0x08014b0c                SteeringWhe_IfActionSubsystem10
 *fill*         0x08014b36        0x2 
 .text.SteeringWhee_enter_atomic_Scrut
                0x08014b38       0xe0 ../slprj/ert/SteeringWheel/SteeringWheel_rtwlib.lib(SteeringWheel.o)
 .text.Steering_enter_atomic_Wheelspin
                0x08014c18       0xe0 ../slprj/ert/SteeringWheel/SteeringWheel_rtwlib.lib(SteeringWheel.o)
 .text.Steering_enter_atomic_Shakedown
                0x08014cf8       0xf0 ../slprj/ert/SteeringWheel/SteeringWheel_rtwlib.lib(SteeringWheel.o)
 .text.SteeringWh_enter_atomic_Skidpad
                0x08014de8       0xec ../slprj/ert/SteeringWheel/SteeringWheel_rtwlib.lib(SteeringWheel.o)
 *fill*         0x08014ed4        0x4 
 .text.Steering_enter_atomic_Endurance
                0x08014ed8       0xf0 ../slprj/ert/SteeringWheel/SteeringWheel_rtwlib.lib(SteeringWheel.o)
 .text.Steer_enter_atomic_Acceleration
                0x08014fc8       0xec ../slprj/ert/SteeringWheel/SteeringWheel_rtwlib.lib(SteeringWheel.o)
 *fill*         0x080150b4        0x4 
 .text.Steering_enter_atomic_Autocross
                0x080150b8       0xf0 ../slprj/ert/SteeringWheel/SteeringWheel_rtwlib.lib(SteeringWheel.o)
 .text.SteeringWheel_enter_atomic_Limp
                0x080151a8       0xec ../slprj/ert/SteeringWheel/SteeringWheel_rtwlib.lib(SteeringWheel.o)
 *fill*         0x08015294        0x4 
 .text.SteeringWheel_Autocross
                0x08015298      0x3d8 ../slprj/ert/SteeringWheel/SteeringWheel_rtwlib.lib(SteeringWheel.o)
 .text.SteeringWheel_Endurance
                0x08015670      0x3d8 ../slprj/ert/SteeringWheel/SteeringWheel_rtwlib.lib(SteeringWheel.o)
 .text.SteeringWheel_Limp
                0x08015a48      0x3d4 ../slprj/ert/SteeringWheel/SteeringWheel_rtwlib.lib(SteeringWheel.o)
 .text.SteeringWheel_Scrut
                0x08015e1c      0x3cc ../slprj/ert/SteeringWheel/SteeringWheel_rtwlib.lib(SteeringWheel.o)
 .text.SteeringWheel_Shakedown
                0x080161e8      0x3d8 ../slprj/ert/SteeringWheel/SteeringWheel_rtwlib.lib(SteeringWheel.o)
 .text.SteeringWheel_Skidpad
                0x080165c0      0x3d4 ../slprj/ert/SteeringWheel/SteeringWheel_rtwlib.lib(SteeringWheel.o)
 .text.SteeringWheel_Wheelspin
                0x08016994      0x3cc ../slprj/ert/SteeringWheel/SteeringWheel_rtwlib.lib(SteeringWheel.o)
 .text.SteeringWheel_Page9
                0x08016d60       0x9a ../slprj/ert/SteeringWheel/SteeringWheel_rtwlib.lib(SteeringWheel.o)
 *fill*         0x08016dfa        0x2 
 .text.SteeringWheel_Init
                0x08016dfc       0x54 ../slprj/ert/SteeringWheel/SteeringWheel_rtwlib.lib(SteeringWheel.o)
                0x08016dfc                SteeringWheel_Init
 .text.SteeringWheel
                0x08016e50     0x43f8 ../slprj/ert/SteeringWheel/SteeringWheel_rtwlib.lib(SteeringWheel.o)
                0x08016e50                SteeringWheel
 .text.SteeringWheel_initialize
                0x0801b248       0x1c ../slprj/ert/SteeringWheel/SteeringWheel_rtwlib.lib(SteeringWheel.o)
                0x0801b248                SteeringWheel_initialize
 .text.TractiveSystemTemperatures
                0x0801b264       0xb2 ../slprj/ert/TractiveSystemTemperatures/TractiveSystemTemperatures_rtwlib.lib(TractiveSystemTemperatures.o)
                0x0801b264                TractiveSystemTemperatures
 .text.TractiveSystemTemper_initialize
                0x0801b316       0x1c ../slprj/ert/TractiveSystemTemperatures/TractiveSystemTemperatures_rtwlib.lib(TractiveSystemTemperatures.o)
                0x0801b316                TractiveSystemTemper_initialize
 *fill*         0x0801b332        0x2 
 .text.pBrake_Init
                0x0801b334       0x30 ../slprj/ert/pBrake/pBrake_rtwlib.lib(pBrake.o)
                0x0801b334                pBrake_Init
 *fill*         0x0801b364        0x4 
 .text.pBrake   0x0801b368      0x128 ../slprj/ert/pBrake/pBrake_rtwlib.lib(pBrake.o)
                0x0801b368                pBrake
 .text.pBrake_initialize
                0x0801b490       0x1c ../slprj/ert/pBrake/pBrake_rtwlib.lib(pBrake.o)
                0x0801b490                pBrake_initialize
 *fill*         0x0801b4ac        0x4 
 .text.rRegenPaddle_Init
                0x0801b4b0       0x38 ../slprj/ert/rRegenPaddle/rRegenPaddle_rtwlib.lib(rRegenPaddle.o)
                0x0801b4b0                rRegenPaddle_Init
 .text.rRegenPaddle
                0x0801b4e8      0x154 ../slprj/ert/rRegenPaddle/rRegenPaddle_rtwlib.lib(rRegenPaddle.o)
                0x0801b4e8                rRegenPaddle
 .text.rRegenPaddle_initialize
                0x0801b63c       0x1c ../slprj/ert/rRegenPaddle/rRegenPaddle_rtwlib.lib(rRegenPaddle.o)
                0x0801b63c                rRegenPaddle_initialize
 .text.rSOC_Init
                0x0801b658       0x30 ../slprj/ert/rSOC/rSOC_rtwlib.lib(rSOC.o)
                0x0801b658                rSOC_Init
 .text.rSOC     0x0801b688      0x310 ../slprj/ert/rSOC/rSOC_rtwlib.lib(rSOC.o)
                0x0801b688                rSOC
 .text.rSOC_initialize
                0x0801b998       0x1c ../slprj/ert/rSOC/rSOC_rtwlib.lib(rSOC.o)
                0x0801b998                rSOC_initialize
 *fill*         0x0801b9b4        0x4 
 .text.rSteeringAngle_Init
                0x0801b9b8       0x28 ../slprj/ert/rSteeringAngle/rSteeringAngle_rtwlib.lib(rSteeringAngle.o)
                0x0801b9b8                rSteeringAngle_Init
 .text.rSteeringAngle
                0x0801b9e0      0x138 ../slprj/ert/rSteeringAngle/rSteeringAngle_rtwlib.lib(rSteeringAngle.o)
                0x0801b9e0                rSteeringAngle
 .text.rSteeringAngle_initialize
                0x0801bb18       0x1c ../slprj/ert/rSteeringAngle/rSteeringAngle_rtwlib.lib(rSteeringAngle.o)
                0x0801bb18                rSteeringAngle_initialize
 *fill*         0x0801bb34        0x4 
 .text.rThrottle
                0x0801bb38      0x234 ../slprj/ert/rThrottle/rThrottle_rtwlib.lib(rThrottle.o)
                0x0801bb38                rThrottle
 .text.rThrottle_initialize
                0x0801bd6c       0x1c ../slprj/ert/rThrottle/rThrottle_rtwlib.lib(rThrottle.o)
                0x0801bd6c                rThrottle_initialize
 .text.vChassis
                0x0801bd88      0x670 ../slprj/ert/vChassis/vChassis_rtwlib.lib(vChassis.o)
                0x0801bd88                vChassis
 .text.vChassis_initialize
                0x0801c3f8       0x1c ../slprj/ert/vChassis/vChassis_rtwlib.lib(vChassis.o)
                0x0801c3f8                vChassis_initialize
 .text.xDamper_Init
                0x0801c414       0x48 ../slprj/ert/xDamper/xDamper_rtwlib.lib(xDamper.o)
                0x0801c414                xDamper_Init
 *fill*         0x0801c45c        0x4 
 .text.xDamper  0x0801c460      0x20c ../slprj/ert/xDamper/xDamper_rtwlib.lib(xDamper.o)
                0x0801c460                xDamper
 .text.xDamper_initialize
                0x0801c66c       0x1c ../slprj/ert/xDamper/xDamper_rtwlib.lib(xDamper.o)
                0x0801c66c                xDamper_initialize
 .text.TORQUECONTROL_Init
                0x0801c688       0x1c ../slprj/ert/TORQUECONTROL/TORQUECONTROL_rtwlib.lib(TORQUECONTROL.o)
                0x0801c688                TORQUECONTROL_Init
 .text.TORQUECONTROL
                0x0801c6a4      0x630 ../slprj/ert/TORQUECONTROL/TORQUECONTROL_rtwlib.lib(TORQUECONTROL.o)
                0x0801c6a4                TORQUECONTROL
 .text.TORQUECONTROL_initialize
                0x0801ccd4       0xd0 ../slprj/ert/TORQUECONTROL/TORQUECONTROL_rtwlib.lib(TORQUECONTROL.o)
                0x0801ccd4                TORQUECONTROL_initialize
 *fill*         0x0801cda4        0x4 
 .text.EMS_Sector12
                0x0801cda8       0x98 ../slprj/ert/EMS/EMS_rtwlib.lib(EMS.o)
 .text.EMS_Wait_
                0x0801ce40       0x8c ../slprj/ert/EMS/EMS_rtwlib.lib(EMS.o)
 .text.EMS_Wait_5
                0x0801cecc       0x76 ../slprj/ert/EMS/EMS_rtwlib.lib(EMS.o)
 .text.EMS_Wait_6
                0x0801cf42       0x76 ../slprj/ert/EMS/EMS_rtwlib.lib(EMS.o)
 .text.EMS_Wait_7
                0x0801cfb8       0x76 ../slprj/ert/EMS/EMS_rtwlib.lib(EMS.o)
 .text.EMS_Wait_8
                0x0801d02e       0x76 ../slprj/ert/EMS/EMS_rtwlib.lib(EMS.o)
 .text.EMS_Wait_9
                0x0801d0a4       0x76 ../slprj/ert/EMS/EMS_rtwlib.lib(EMS.o)
 *fill*         0x0801d11a        0x2 
 .text.EMS_Init
                0x0801d11c       0xb8 ../slprj/ert/EMS/EMS_rtwlib.lib(EMS.o)
                0x0801d11c                EMS_Init
 *fill*         0x0801d1d4        0x4 
 .text.EMS      0x0801d1d8     0x17d0 ../slprj/ert/EMS/EMS_rtwlib.lib(EMS.o)
                0x0801d1d8                EMS
 .text.EMS_initialize
                0x0801e9a8       0x1c ../slprj/ert/EMS/EMS_rtwlib.lib(EMS.o)
                0x0801e9a8                EMS_initialize
 *fill*         0x0801e9c4        0x4 
 .text.MDriverDischargeRequested
                0x0801e9c8      0x1b4 ../slprj/ert/MDriverDischargeRequested/MDriverDischargeRequested_rtwlib.lib(MDriverDischargeRequested.o)
                0x0801e9c8                MDriverDischargeRequested
 .text.MDriverDischargeRequ_initialize
                0x0801eb7c       0x1c ../slprj/ert/MDriverDischargeRequested/MDriverDischargeRequested_rtwlib.lib(MDriverDischargeRequested.o)
                0x0801eb7c                MDriverDischargeRequ_initialize
 .text.MDriverRegenRequested
                0x0801eb98      0x380 ../slprj/ert/MDriverRegenRequested/MDriverRegenRequested_rtwlib.lib(MDriverRegenRequested.o)
                0x0801eb98                MDriverRegenRequested
 .text.MDriverRegenRequeste_initialize
                0x0801ef18       0x1c ../slprj/ert/MDriverRegenRequested/MDriverRegenRequested_rtwlib.lib(MDriverRegenRequested.o)
                0x0801ef18                MDriverRegenRequeste_initialize
 .text.MFinal   0x0801ef34      0x194 ../slprj/ert/MFinal/MFinal_rtwlib.lib(MFinal.o)
                0x0801ef34                MFinal
 .text.MFinal_initialize
                0x0801f0c8       0x1c ../slprj/ert/MFinal/MFinal_rtwlib.lib(MFinal.o)
                0x0801f0c8                MFinal_initialize
 *fill*         0x0801f0e4        0x4 
 .text.MTotalRequested
                0x0801f0e8      0x3b0 ../slprj/ert/MTotalRequested/MTotalRequested_rtwlib.lib(MTotalRequested.o)
                0x0801f0e8                MTotalRequested
 .text.MTotalRequested_initialize
                0x0801f498       0x1c ../slprj/ert/MTotalRequested/MTotalRequested_rtwlib.lib(MTotalRequested.o)
                0x0801f498                MTotalRequested_initialize
 *fill*         0x0801f4b4        0x4 
 .text.PowerController
                0x0801f4b8      0x82c ../slprj/ert/PowerController/PowerController_rtwlib.lib(PowerController.o)
                0x0801f4b8                PowerController
 .text.PowerController_initialize
                0x0801fce4       0x1c ../slprj/ert/PowerController/PowerController_rtwlib.lib(PowerController.o)
                0x0801fce4                PowerController_initialize
 .text.SpinningMode
                0x0801fd00      0x6a0 ../slprj/ert/SpinningMode/SpinningMode_rtwlib.lib(SpinningMode.o)
                0x0801fd00                SpinningMode
 .text.SpinningMode_initialize
                0x080203a0       0x1c ../slprj/ert/SpinningMode/SpinningMode_rtwlib.lib(SpinningMode.o)
                0x080203a0                SpinningMode_initialize
 *fill*         0x080203bc        0x4 
 .text.StateEstimation
                0x080203c0     0x10fc ../slprj/ert/StateEstimation/StateEstimation_rtwlib.lib(StateEstimation.o)
                0x080203c0                StateEstimation
 .text.StateEstimation_initialize
                0x080214bc       0x1c ../slprj/ert/StateEstimation/StateEstimation_rtwlib.lib(StateEstimation.o)
                0x080214bc                StateEstimation_initialize
 .text.TorqueDistribution
                0x080214d8      0x68c ../slprj/ert/TorqueDistribution/TorqueDistribution_rtwlib.lib(TorqueDistribution.o)
                0x080214d8                TorqueDistribution
 .text.TorqueDistribution_initialize
                0x08021b64       0x1c ../slprj/ert/TorqueDistribution/TorqueDistribution_rtwlib.lib(TorqueDistribution.o)
                0x08021b64                TorqueDistribution_initialize
 .text.TorqueVectoring
                0x08021b80      0x5f4 ../slprj/ert/TorqueVectoring/TorqueVectoring_rtwlib.lib(TorqueVectoring.o)
                0x08021b80                TorqueVectoring
 .text.TorqueVectoring_initialize
                0x08022174       0x1c ../slprj/ert/TorqueVectoring/TorqueVectoring_rtwlib.lib(TorqueVectoring.o)
                0x08022174                TorqueVectoring_initialize
 .text.TractionControl
                0x08022190     0x1ae8 ../slprj/ert/TractionControl/TractionControl_rtwlib.lib(TractionControl.o)
                0x08022190                TractionControl
 .text.TractionControl_initialize
                0x08023c78       0x1c ../slprj/ert/TractionControl/TractionControl_rtwlib.lib(TractionControl.o)
                0x08023c78                TractionControl_initialize
 .text.look1_binlxpw
                0x08023c94      0x17e C:/Users/Will/Desktop/OBR/Embedded/VCUSTM32/Controls/Builds/slprj/ert/_sharedutils/rtwshared.lib(look1_binlxpw.o)
                0x08023c94                look1_binlxpw
 .text.maximum_xTpTd9Be
                0x08023e12       0xea C:/Users/Will/Desktop/OBR/Embedded/VCUSTM32/Controls/Builds/slprj/ert/_sharedutils/rtwshared.lib(maximum_xTpTd9Be.o)
                0x08023e12                maximum_xTpTd9Be
 .text.rtIsNaN  0x08023efc       0x2e C:/Users/Will/Desktop/OBR/Embedded/VCUSTM32/Controls/Builds/slprj/ert/_sharedutils/rtwshared.lib(rt_nonfinite.o)
                0x08023efc                rtIsNaN
 .text.look2_binlxpw
                0x08023f2a      0x34c C:/Users/Will/Desktop/OBR/Embedded/VCUSTM32/Controls/Builds/slprj/ert/_sharedutils/rtwshared.lib(look2_binlxpw.o)
                0x08023f2a                look2_binlxpw
 *fill*         0x08024276        0x2 
 .text.acos     0x08024278       0x58 C:/ProgramData/MATLAB/SupportPackages/R2024b/3P.instrset/gnuarm-armcortex.instrset/win/bin/../lib/gcc/arm-none-eabi/13.2.1/thumb/v7e-m+dp/hard\libm.a(libm_a-w_acos.o)
                0x08024278                acos
 .text.atan     0x080242d0      0x204 C:/ProgramData/MATLAB/SupportPackages/R2024b/3P.instrset/gnuarm-armcortex.instrset/win/bin/../lib/gcc/arm-none-eabi/13.2.1/thumb/v7e-m+dp/hard\libm.a(libm_a-s_atan.o)
                0x080242d0                atan
 *fill*         0x080244d4        0x4 
 .text.cos      0x080244d8       0x80 C:/ProgramData/MATLAB/SupportPackages/R2024b/3P.instrset/gnuarm-armcortex.instrset/win/bin/../lib/gcc/arm-none-eabi/13.2.1/thumb/v7e-m+dp/hard\libm.a(libm_a-s_cos.o)
                0x080244d8                cos
 .text.fabs     0x08024558       0x10 C:/ProgramData/MATLAB/SupportPackages/R2024b/3P.instrset/gnuarm-armcortex.instrset/win/bin/../lib/gcc/arm-none-eabi/13.2.1/thumb/v7e-m+dp/hard\libm.a(libm_a-s_fabs.o)
                0x08024558                fabs
 .text.sin      0x08024568       0x80 C:/ProgramData/MATLAB/SupportPackages/R2024b/3P.instrset/gnuarm-armcortex.instrset/win/bin/../lib/gcc/arm-none-eabi/13.2.1/thumb/v7e-m+dp/hard\libm.a(libm_a-s_sin.o)
                0x08024568                sin
 .text.tan      0x080245e8       0x60 C:/ProgramData/MATLAB/SupportPackages/R2024b/3P.instrset/gnuarm-armcortex.instrset/win/bin/../lib/gcc/arm-none-eabi/13.2.1/thumb/v7e-m+dp/hard\libm.a(libm_a-s_tan.o)
                0x080245e8                tan
 .text.nan      0x08024648       0x10 C:/ProgramData/MATLAB/SupportPackages/R2024b/3P.instrset/gnuarm-armcortex.instrset/win/bin/../lib/gcc/arm-none-eabi/13.2.1/thumb/v7e-m+dp/hard\libm.a(libm_a-s_nan.o)
                0x08024648                nan
 .text.fmax     0x08024658       0x3c C:/ProgramData/MATLAB/SupportPackages/R2024b/3P.instrset/gnuarm-armcortex.instrset/win/bin/../lib/gcc/arm-none-eabi/13.2.1/thumb/v7e-m+dp/hard\libm.a(libm_a-s_fmax.o)
                0x08024658                fmax
 .text.fmin     0x08024694       0x3c C:/ProgramData/MATLAB/SupportPackages/R2024b/3P.instrset/gnuarm-armcortex.instrset/win/bin/../lib/gcc/arm-none-eabi/13.2.1/thumb/v7e-m+dp/hard\libm.a(libm_a-s_fmin.o)
                0x08024694                fmin
 .text.__fpclassifyd
                0x080246d0       0x5c C:/ProgramData/MATLAB/SupportPackages/R2024b/3P.instrset/gnuarm-armcortex.instrset/win/bin/../lib/gcc/arm-none-eabi/13.2.1/thumb/v7e-m+dp/hard\libm.a(libm_a-s_fpclassify.o)
                0x080246d0                __fpclassifyd
 .text.round    0x0802472c       0x98 C:/ProgramData/MATLAB/SupportPackages/R2024b/3P.instrset/gnuarm-armcortex.instrset/win/bin/../lib/gcc/arm-none-eabi/13.2.1/thumb/v7e-m+dp/hard\libm.a(libm_a-s_round.o)
                0x0802472c                round
 *fill*         0x080247c4        0x4 
 .text.__kernel_cos
                0x080247c8      0x130 C:/ProgramData/MATLAB/SupportPackages/R2024b/3P.instrset/gnuarm-armcortex.instrset/win/bin/../lib/gcc/arm-none-eabi/13.2.1/thumb/v7e-m+dp/hard\libm.a(libm_a-k_cos.o)
                0x080247c8                __kernel_cos
 .text.__kernel_sin
                0x080248f8       0xb0 C:/ProgramData/MATLAB/SupportPackages/R2024b/3P.instrset/gnuarm-armcortex.instrset/win/bin/../lib/gcc/arm-none-eabi/13.2.1/thumb/v7e-m+dp/hard\libm.a(libm_a-k_sin.o)
                0x080248f8                __kernel_sin
 .text.__kernel_tan
                0x080249a8      0x248 C:/ProgramData/MATLAB/SupportPackages/R2024b/3P.instrset/gnuarm-armcortex.instrset/win/bin/../lib/gcc/arm-none-eabi/13.2.1/thumb/v7e-m+dp/hard\libm.a(libm_a-k_tan.o)
                0x080249a8                __kernel_tan
 .text.__ieee754_acos
                0x08024bf0      0x2bc C:/ProgramData/MATLAB/SupportPackages/R2024b/3P.instrset/gnuarm-armcortex.instrset/win/bin/../lib/gcc/arm-none-eabi/13.2.1/thumb/v7e-m+dp/hard\libm.a(libm_a-e_acos.o)
                0x08024bf0                __ieee754_acos
 *fill*         0x08024eac        0x4 
 .text.__ieee754_rem_pio2
                0x08024eb0      0x29c C:/ProgramData/MATLAB/SupportPackages/R2024b/3P.instrset/gnuarm-armcortex.instrset/win/bin/../lib/gcc/arm-none-eabi/13.2.1/thumb/v7e-m+dp/hard\libm.a(libm_a-e_rem_pio2.o)
                0x08024eb0                __ieee754_rem_pio2
 .text.__ieee754_sqrt
                0x0802514c        0x8 C:/ProgramData/MATLAB/SupportPackages/R2024b/3P.instrset/gnuarm-armcortex.instrset/win/bin/../lib/gcc/arm-none-eabi/13.2.1/thumb/v7e-m+dp/hard\libm.a(libm_a-e_sqrt.o)
                0x0802514c                __ieee754_sqrt
 *fill*         0x08025154        0x4 
 .text.__kernel_rem_pio2
                0x08025158      0x678 C:/ProgramData/MATLAB/SupportPackages/R2024b/3P.instrset/gnuarm-armcortex.instrset/win/bin/../lib/gcc/arm-none-eabi/13.2.1/thumb/v7e-m+dp/hard\libm.a(libm_a-k_rem_pio2.o)
                0x08025158                __kernel_rem_pio2
 .text.scalbn   0x080257d0      0x104 C:/ProgramData/MATLAB/SupportPackages/R2024b/3P.instrset/gnuarm-armcortex.instrset/win/bin/../lib/gcc/arm-none-eabi/13.2.1/thumb/v7e-m+dp/hard\libm.a(libm_a-s_scalbn.o)
                0x080257d0                scalbn
 *fill*         0x080258d4        0x4 
 .text.floor    0x080258d8      0x118 C:/ProgramData/MATLAB/SupportPackages/R2024b/3P.instrset/gnuarm-armcortex.instrset/win/bin/../lib/gcc/arm-none-eabi/13.2.1/thumb/v7e-m+dp/hard\libm.a(libm_a-s_floor.o)
                0x080258d8                floor
 .text.memset   0x080259f0       0x10 C:/ProgramData/MATLAB/SupportPackages/R2024b/3P.instrset/gnuarm-armcortex.instrset/win/bin/../lib/gcc/arm-none-eabi/13.2.1/thumb/v7e-m+dp/hard\libc_nano.a(libc_a-memset.o)
                0x080259f0                memset
 .text.__errno  0x08025a00        0xc C:/ProgramData/MATLAB/SupportPackages/R2024b/3P.instrset/gnuarm-armcortex.instrset/win/bin/../lib/gcc/arm-none-eabi/13.2.1/thumb/v7e-m+dp/hard\libc_nano.a(libc_a-errno.o)
                0x08025a00                __errno
 .text.__libc_init_array
                0x08025a0c       0x48 C:/ProgramData/MATLAB/SupportPackages/R2024b/3P.instrset/gnuarm-armcortex.instrset/win/bin/../lib/gcc/arm-none-eabi/13.2.1/thumb/v7e-m+dp/hard\libc_nano.a(libc_a-init.o)
                0x08025a0c                __libc_init_array
 *(.glue_7)
 .glue_7        0x08025a54        0x0 linker stubs
 *(.glue_7t)
 .glue_7t       0x08025a54        0x0 linker stubs
 *(.eh_frame)
 .eh_frame      0x08025a54        0x0 C:/ProgramData/MATLAB/SupportPackages/R2024b/3P.instrset/gnuarm-armcortex.instrset/win/bin/../lib/gcc/arm-none-eabi/13.2.1/thumb/v7e-m+dp/hard/crtbegin.o
 *(.init)
 .init          0x08025a54        0x4 C:/ProgramData/MATLAB/SupportPackages/R2024b/3P.instrset/gnuarm-armcortex.instrset/win/bin/../lib/gcc/arm-none-eabi/13.2.1/thumb/v7e-m+dp/hard/crti.o
                0x08025a54                _init
 .init          0x08025a58        0x8 C:/ProgramData/MATLAB/SupportPackages/R2024b/3P.instrset/gnuarm-armcortex.instrset/win/bin/../lib/gcc/arm-none-eabi/13.2.1/thumb/v7e-m+dp/hard/crtn.o
 *(.fini)
 .fini          0x08025a60        0x4 C:/ProgramData/MATLAB/SupportPackages/R2024b/3P.instrset/gnuarm-armcortex.instrset/win/bin/../lib/gcc/arm-none-eabi/13.2.1/thumb/v7e-m+dp/hard/crti.o
                0x08025a60                _fini
 .fini          0x08025a64        0x8 C:/ProgramData/MATLAB/SupportPackages/R2024b/3P.instrset/gnuarm-armcortex.instrset/win/bin/../lib/gcc/arm-none-eabi/13.2.1/thumb/v7e-m+dp/hard/crtn.o
                0x08025a6c                        . = ALIGN (0x4)
                0x08025a6c                        _etext = .

.vfp11_veneer   0x08025a6c        0x0
 .vfp11_veneer  0x08025a6c        0x0 linker stubs

.v4_bx          0x08025a6c        0x0
 .v4_bx         0x08025a6c        0x0 linker stubs

.iplt           0x08025a6c        0x0
 .iplt          0x08025a6c        0x0 C:/ProgramData/MATLAB/SupportPackages/R2024b/3P.instrset/gnuarm-armcortex.instrset/win/bin/../lib/gcc/arm-none-eabi/13.2.1/thumb/v7e-m+dp/hard/crtbegin.o

.rodata         0x08025a70     0x9d68
                0x08025a70                        . = ALIGN (0x4)
 *(.rodata)
 *(.rodata*)
 .rodata.ENV_M  0x08025a70        0x4 ENV.o
                0x08025a70                ENV_M
 .rodata.D1CorePrescTable
                0x08025a74       0x10 system_stm32h7xx.o
                0x08025a74                D1CorePrescTable
 *fill*         0x08025a84        0x4 
 .rodata.SYSTEMS_RGND
                0x08025a88        0x8 ../slprj/ert/SYSTEMS/SYSTEMS_rtwlib.lib(SYSTEMS.o)
                0x08025a88                SYSTEMS_RGND
 .rodata.StateEstimation_ConstB
                0x08025a90      0x108 ../slprj/ert/StateEstimation/StateEstimation_rtwlib.lib(StateEstimation_data.o)
                0x08025a90                StateEstimation_ConstB
 .rodata.TorqueVectoring_ConstB
                0x08025b98       0x10 ../slprj/ert/TorqueVectoring/TorqueVectoring_rtwlib.lib(TorqueVectoring_data.o)
                0x08025b98                TorqueVectoring_ConstB
 .rodata.TractionControl_ConstB
                0x08025ba8       0x40 ../slprj/ert/TractionControl/TractionControl_rtwlib.lib(TractionControl_data.o)
                0x08025ba8                TractionControl_ConstB
 .rodata.rtCP_pooled_0rQo2A8152Gc
                0x08025be8       0x20 C:/Users/Will/Desktop/OBR/Embedded/VCUSTM32/Controls/Builds/slprj/ert/_sharedutils/rtwshared.lib(const_params.o)
                0x08025be8                rtCP_pooled_0rQo2A8152Gc
 .rodata.rtCP_pooled_310VyXRVOGAM
                0x08025c08       0x30 C:/Users/Will/Desktop/OBR/Embedded/VCUSTM32/Controls/Builds/slprj/ert/_sharedutils/rtwshared.lib(const_params.o)
                0x08025c08                rtCP_pooled_310VyXRVOGAM
 .rodata.rtCP_pooled_6EMcyLCpTk2K
                0x08025c38       0x20 C:/Users/Will/Desktop/OBR/Embedded/VCUSTM32/Controls/Builds/slprj/ert/_sharedutils/rtwshared.lib(const_params.o)
                0x08025c38                rtCP_pooled_6EMcyLCpTk2K
 .rodata.rtCP_pooled_6QV4OqumygMa
                0x08025c58       0xa8 C:/Users/Will/Desktop/OBR/Embedded/VCUSTM32/Controls/Builds/slprj/ert/_sharedutils/rtwshared.lib(const_params.o)
                0x08025c58                rtCP_pooled_6QV4OqumygMa
 .rodata.rtCP_pooled_8JwyjLeMO6Rz
                0x08025d00       0x68 C:/Users/Will/Desktop/OBR/Embedded/VCUSTM32/Controls/Builds/slprj/ert/_sharedutils/rtwshared.lib(const_params.o)
                0x08025d00                rtCP_pooled_8JwyjLeMO6Rz
 .rodata.rtCP_pooled_8VdSeWPy7TNZ
                0x08025d68       0x20 C:/Users/Will/Desktop/OBR/Embedded/VCUSTM32/Controls/Builds/slprj/ert/_sharedutils/rtwshared.lib(const_params.o)
                0x08025d68                rtCP_pooled_8VdSeWPy7TNZ
 .rodata.rtCP_pooled_C8Rk322Vydq4
                0x08025d88       0x38 C:/Users/Will/Desktop/OBR/Embedded/VCUSTM32/Controls/Builds/slprj/ert/_sharedutils/rtwshared.lib(const_params.o)
                0x08025d88                rtCP_pooled_C8Rk322Vydq4
 .rodata.rtCP_pooled_CLWk6wg4WJAC
                0x08025dc0       0x18 C:/Users/Will/Desktop/OBR/Embedded/VCUSTM32/Controls/Builds/slprj/ert/_sharedutils/rtwshared.lib(const_params.o)
                0x08025dc0                rtCP_pooled_CLWk6wg4WJAC
 .rodata.rtCP_pooled_EpiVe8hWBtct
                0x08025dd8       0x20 C:/Users/Will/Desktop/OBR/Embedded/VCUSTM32/Controls/Builds/slprj/ert/_sharedutils/rtwshared.lib(const_params.o)
                0x08025dd8                rtCP_pooled_EpiVe8hWBtct
 .rodata.rtCP_pooled_J0wnjRbRYuIC
                0x08025df8       0x38 C:/Users/Will/Desktop/OBR/Embedded/VCUSTM32/Controls/Builds/slprj/ert/_sharedutils/rtwshared.lib(const_params.o)
                0x08025df8                rtCP_pooled_J0wnjRbRYuIC
 .rodata.rtCP_pooled_JLHDvkuEk9bn
                0x08025e30       0x30 C:/Users/Will/Desktop/OBR/Embedded/VCUSTM32/Controls/Builds/slprj/ert/_sharedutils/rtwshared.lib(const_params.o)
                0x08025e30                rtCP_pooled_JLHDvkuEk9bn
 .rodata.rtCP_pooled_KK2D1KRhOG3e
                0x08025e60       0x38 C:/Users/Will/Desktop/OBR/Embedded/VCUSTM32/Controls/Builds/slprj/ert/_sharedutils/rtwshared.lib(const_params.o)
                0x08025e60                rtCP_pooled_KK2D1KRhOG3e
 .rodata.rtCP_pooled_L2mNdCBaFrXI
                0x08025e98     0x1d30 C:/Users/Will/Desktop/OBR/Embedded/VCUSTM32/Controls/Builds/slprj/ert/_sharedutils/rtwshared.lib(const_params.o)
                0x08025e98                rtCP_pooled_L2mNdCBaFrXI
 .rodata.rtCP_pooled_LKZL4geijjqd
                0x08027bc8        0x3 C:/Users/Will/Desktop/OBR/Embedded/VCUSTM32/Controls/Builds/slprj/ert/_sharedutils/rtwshared.lib(const_params.o)
                0x08027bc8                rtCP_pooled_LKZL4geijjqd
 *fill*         0x08027bcb        0x5 
 .rodata.rtCP_pooled_MNQomNQzvgYN
                0x08027bd0      0x150 C:/Users/Will/Desktop/OBR/Embedded/VCUSTM32/Controls/Builds/slprj/ert/_sharedutils/rtwshared.lib(const_params.o)
                0x08027bd0                rtCP_pooled_MNQomNQzvgYN
 .rodata.rtCP_pooled_QEFq6yxjffEu
                0x08027d20       0x38 C:/Users/Will/Desktop/OBR/Embedded/VCUSTM32/Controls/Builds/slprj/ert/_sharedutils/rtwshared.lib(const_params.o)
                0x08027d20                rtCP_pooled_QEFq6yxjffEu
 .rodata.rtCP_pooled_R4HULQq0o3sd
                0x08027d58       0x38 C:/Users/Will/Desktop/OBR/Embedded/VCUSTM32/Controls/Builds/slprj/ert/_sharedutils/rtwshared.lib(const_params.o)
                0x08027d58                rtCP_pooled_R4HULQq0o3sd
 .rodata.rtCP_pooled_TrvLpczLtCI2
                0x08027d90      0xe70 C:/Users/Will/Desktop/OBR/Embedded/VCUSTM32/Controls/Builds/slprj/ert/_sharedutils/rtwshared.lib(const_params.o)
                0x08027d90                rtCP_pooled_TrvLpczLtCI2
 .rodata.rtCP_pooled_UhgniisqnUuf
                0x08028c00        0x4 C:/Users/Will/Desktop/OBR/Embedded/VCUSTM32/Controls/Builds/slprj/ert/_sharedutils/rtwshared.lib(const_params.o)
                0x08028c00                rtCP_pooled_UhgniisqnUuf
 *fill*         0x08028c04        0x4 
 .rodata.rtCP_pooled_Ur0tdx4FYITk
                0x08028c08      0xe70 C:/Users/Will/Desktop/OBR/Embedded/VCUSTM32/Controls/Builds/slprj/ert/_sharedutils/rtwshared.lib(const_params.o)
                0x08028c08                rtCP_pooled_Ur0tdx4FYITk
 .rodata.rtCP_pooled_UuFDLyuJ3nve
                0x08029a78        0x8 C:/Users/Will/Desktop/OBR/Embedded/VCUSTM32/Controls/Builds/slprj/ert/_sharedutils/rtwshared.lib(const_params.o)
                0x08029a78                rtCP_pooled_UuFDLyuJ3nve
 .rodata.rtCP_pooled_WU5r3exPv8pT
                0x08029a80        0x4 C:/Users/Will/Desktop/OBR/Embedded/VCUSTM32/Controls/Builds/slprj/ert/_sharedutils/rtwshared.lib(const_params.o)
                0x08029a80                rtCP_pooled_WU5r3exPv8pT
 *fill*         0x08029a84        0x4 
 .rodata.rtCP_pooled_XDhqzVCDRaWL
                0x08029a88       0x30 C:/Users/Will/Desktop/OBR/Embedded/VCUSTM32/Controls/Builds/slprj/ert/_sharedutils/rtwshared.lib(const_params.o)
                0x08029a88                rtCP_pooled_XDhqzVCDRaWL
 .rodata.rtCP_pooled_XWN4BOOyufWt
                0x08029ab8        0x3 C:/Users/Will/Desktop/OBR/Embedded/VCUSTM32/Controls/Builds/slprj/ert/_sharedutils/rtwshared.lib(const_params.o)
                0x08029ab8                rtCP_pooled_XWN4BOOyufWt
 *fill*         0x08029abb        0x5 
 .rodata.rtCP_pooled_YBTEwmB99roZ
                0x08029ac0       0x18 C:/Users/Will/Desktop/OBR/Embedded/VCUSTM32/Controls/Builds/slprj/ert/_sharedutils/rtwshared.lib(const_params.o)
                0x08029ac0                rtCP_pooled_YBTEwmB99roZ
 .rodata.rtCP_pooled_YHIlgrKsb3Qz
                0x08029ad8      0xe70 C:/Users/Will/Desktop/OBR/Embedded/VCUSTM32/Controls/Builds/slprj/ert/_sharedutils/rtwshared.lib(const_params.o)
                0x08029ad8                rtCP_pooled_YHIlgrKsb3Qz
 .rodata.rtCP_pooled_ZmLSXu11N0PS
                0x0802a948        0x3 C:/Users/Will/Desktop/OBR/Embedded/VCUSTM32/Controls/Builds/slprj/ert/_sharedutils/rtwshared.lib(const_params.o)
                0x0802a948                rtCP_pooled_ZmLSXu11N0PS
 *fill*         0x0802a94b        0x5 
 .rodata.rtCP_pooled_clVafP3Syh1q
                0x0802a950      0xe70 C:/Users/Will/Desktop/OBR/Embedded/VCUSTM32/Controls/Builds/slprj/ert/_sharedutils/rtwshared.lib(const_params.o)
                0x0802a950                rtCP_pooled_clVafP3Syh1q
 .rodata.rtCP_pooled_eMqMPp0NMKJ1
                0x0802b7c0       0xb0 C:/Users/Will/Desktop/OBR/Embedded/VCUSTM32/Controls/Builds/slprj/ert/_sharedutils/rtwshared.lib(const_params.o)
                0x0802b7c0                rtCP_pooled_eMqMPp0NMKJ1
 .rodata.rtCP_pooled_eql5oZX1EWb7
                0x0802b870       0x68 C:/Users/Will/Desktop/OBR/Embedded/VCUSTM32/Controls/Builds/slprj/ert/_sharedutils/rtwshared.lib(const_params.o)
                0x0802b870                rtCP_pooled_eql5oZX1EWb7
 .rodata.rtCP_pooled_fMA2uB5q1AMU
                0x0802b8d8        0x1 C:/Users/Will/Desktop/OBR/Embedded/VCUSTM32/Controls/Builds/slprj/ert/_sharedutils/rtwshared.lib(const_params.o)
                0x0802b8d8                rtCP_pooled_fMA2uB5q1AMU
 *fill*         0x0802b8d9        0x7 
 .rodata.rtCP_pooled_jsOAKscU23YL
                0x0802b8e0      0x150 C:/Users/Will/Desktop/OBR/Embedded/VCUSTM32/Controls/Builds/slprj/ert/_sharedutils/rtwshared.lib(const_params.o)
                0x0802b8e0                rtCP_pooled_jsOAKscU23YL
 .rodata.rtCP_pooled_kM1nz9HEhQcG
                0x0802ba30       0x38 C:/Users/Will/Desktop/OBR/Embedded/VCUSTM32/Controls/Builds/slprj/ert/_sharedutils/rtwshared.lib(const_params.o)
                0x0802ba30                rtCP_pooled_kM1nz9HEhQcG
 .rodata.rtCP_pooled_kPUfe3TDItfY
                0x0802ba68       0x20 C:/Users/Will/Desktop/OBR/Embedded/VCUSTM32/Controls/Builds/slprj/ert/_sharedutils/rtwshared.lib(const_params.o)
                0x0802ba68                rtCP_pooled_kPUfe3TDItfY
 .rodata.rtCP_pooled_kPiKyR5gt3ZG
                0x0802ba88     0x1d30 C:/Users/Will/Desktop/OBR/Embedded/VCUSTM32/Controls/Builds/slprj/ert/_sharedutils/rtwshared.lib(const_params.o)
                0x0802ba88                rtCP_pooled_kPiKyR5gt3ZG
 .rodata.rtCP_pooled_kUC6nmgO8rex
                0x0802d7b8       0x10 C:/Users/Will/Desktop/OBR/Embedded/VCUSTM32/Controls/Builds/slprj/ert/_sharedutils/rtwshared.lib(const_params.o)
                0x0802d7b8                rtCP_pooled_kUC6nmgO8rex
 .rodata.rtCP_pooled_lXoTi1DzhOAi
                0x0802d7c8       0x30 C:/Users/Will/Desktop/OBR/Embedded/VCUSTM32/Controls/Builds/slprj/ert/_sharedutils/rtwshared.lib(const_params.o)
                0x0802d7c8                rtCP_pooled_lXoTi1DzhOAi
 .rodata.rtCP_pooled_mwag6Lw7GUY3
                0x0802d7f8      0xe70 C:/Users/Will/Desktop/OBR/Embedded/VCUSTM32/Controls/Builds/slprj/ert/_sharedutils/rtwshared.lib(const_params.o)
                0x0802d7f8                rtCP_pooled_mwag6Lw7GUY3
 .rodata.rtCP_pooled_n4ahTdF5kV52
                0x0802e668       0x30 C:/Users/Will/Desktop/OBR/Embedded/VCUSTM32/Controls/Builds/slprj/ert/_sharedutils/rtwshared.lib(const_params.o)
                0x0802e668                rtCP_pooled_n4ahTdF5kV52
 .rodata.rtCP_pooled_oJf4t6dn1pFT
                0x0802e698        0x8 C:/Users/Will/Desktop/OBR/Embedded/VCUSTM32/Controls/Builds/slprj/ert/_sharedutils/rtwshared.lib(const_params.o)
                0x0802e698                rtCP_pooled_oJf4t6dn1pFT
 .rodata.rtCP_pooled_qgAVZgCOrDx4
                0x0802e6a0        0x1 C:/Users/Will/Desktop/OBR/Embedded/VCUSTM32/Controls/Builds/slprj/ert/_sharedutils/rtwshared.lib(const_params.o)
                0x0802e6a0                rtCP_pooled_qgAVZgCOrDx4
 *fill*         0x0802e6a1        0x7 
 .rodata.rtCP_pooled_sG6nrfCwoj8a
                0x0802e6a8      0xe70 C:/Users/Will/Desktop/OBR/Embedded/VCUSTM32/Controls/Builds/slprj/ert/_sharedutils/rtwshared.lib(const_params.o)
                0x0802e6a8                rtCP_pooled_sG6nrfCwoj8a
 .rodata.rtCP_pooled_txfvBgFQgFF9
                0x0802f518       0x20 C:/Users/Will/Desktop/OBR/Embedded/VCUSTM32/Controls/Builds/slprj/ert/_sharedutils/rtwshared.lib(const_params.o)
                0x0802f518                rtCP_pooled_txfvBgFQgFF9
 .rodata.rtCP_pooled_y4Kr4KWnMTsu
                0x0802f538        0x3 C:/Users/Will/Desktop/OBR/Embedded/VCUSTM32/Controls/Builds/slprj/ert/_sharedutils/rtwshared.lib(const_params.o)
                0x0802f538                rtCP_pooled_y4Kr4KWnMTsu
 *fill*         0x0802f53b        0x1 
 .rodata.rtCP_pooled_yCbAAq7Pz6OL
                0x0802f53c        0xe C:/Users/Will/Desktop/OBR/Embedded/VCUSTM32/Controls/Builds/slprj/ert/_sharedutils/rtwshared.lib(const_params.o)
                0x0802f53c                rtCP_pooled_yCbAAq7Pz6OL
 *fill*         0x0802f54a        0x6 
 .rodata.rtCP_pooled_zFhHmn6r8zcr
                0x0802f550       0x68 C:/Users/Will/Desktop/OBR/Embedded/VCUSTM32/Controls/Builds/slprj/ert/_sharedutils/rtwshared.lib(const_params.o)
                0x0802f550                rtCP_pooled_zFhHmn6r8zcr
 .rodata.rtCP_pooled_ziqf4zSBE92z
                0x0802f5b8        0x3 C:/Users/Will/Desktop/OBR/Embedded/VCUSTM32/Controls/Builds/slprj/ert/_sharedutils/rtwshared.lib(const_params.o)
                0x0802f5b8                rtCP_pooled_ziqf4zSBE92z
 *fill*         0x0802f5bb        0x1 
 .rodata.acos.str1.4
                0x0802f5bc        0x1 C:/ProgramData/MATLAB/SupportPackages/R2024b/3P.instrset/gnuarm-armcortex.instrset/win/bin/../lib/gcc/arm-none-eabi/13.2.1/thumb/v7e-m+dp/hard\libm.a(libm_a-w_acos.o)
 *fill*         0x0802f5bd        0x3 
 .rodata.atanlo
                0x0802f5c0       0x20 C:/ProgramData/MATLAB/SupportPackages/R2024b/3P.instrset/gnuarm-armcortex.instrset/win/bin/../lib/gcc/arm-none-eabi/13.2.1/thumb/v7e-m+dp/hard\libm.a(libm_a-s_atan.o)
 .rodata.atanhi
                0x0802f5e0       0x20 C:/ProgramData/MATLAB/SupportPackages/R2024b/3P.instrset/gnuarm-armcortex.instrset/win/bin/../lib/gcc/arm-none-eabi/13.2.1/thumb/v7e-m+dp/hard\libm.a(libm_a-s_atan.o)
 .rodata.npio2_hw
                0x0802f600       0x80 C:/ProgramData/MATLAB/SupportPackages/R2024b/3P.instrset/gnuarm-armcortex.instrset/win/bin/../lib/gcc/arm-none-eabi/13.2.1/thumb/v7e-m+dp/hard\libm.a(libm_a-e_rem_pio2.o)
 .rodata.two_over_pi
                0x0802f680      0x108 C:/ProgramData/MATLAB/SupportPackages/R2024b/3P.instrset/gnuarm-armcortex.instrset/win/bin/../lib/gcc/arm-none-eabi/13.2.1/thumb/v7e-m+dp/hard\libm.a(libm_a-e_rem_pio2.o)
 .rodata.PIo2   0x0802f788       0x40 C:/ProgramData/MATLAB/SupportPackages/R2024b/3P.instrset/gnuarm-armcortex.instrset/win/bin/../lib/gcc/arm-none-eabi/13.2.1/thumb/v7e-m+dp/hard\libm.a(libm_a-k_rem_pio2.o)
 .rodata.init_jk
                0x0802f7c8       0x10 C:/ProgramData/MATLAB/SupportPackages/R2024b/3P.instrset/gnuarm-armcortex.instrset/win/bin/../lib/gcc/arm-none-eabi/13.2.1/thumb/v7e-m+dp/hard\libm.a(libm_a-k_rem_pio2.o)
                0x0802f7d8                        . = ALIGN (0x4)

.ARM.extab
 *(.ARM.extab* .gnu.linkonce.armextab.*)

.ARM            0x0802f7d8        0x0
                0x0802f7d8                        __exidx_start = .
 *(.ARM.exidx*)
                0x0802f7d8                        __exidx_end = .

.preinit_array  0x0802f7d8        0x0
                0x0802f7d8                        PROVIDE (__preinit_array_start = .)
 *(.preinit_array*)
                0x0802f7d8                        PROVIDE (__preinit_array_end = .)

.init_array     0x0802f7d8        0x4
                0x0802f7d8                        PROVIDE (__init_array_start = .)
 *(SORT_BY_NAME(.init_array.*))
 *(.init_array*)
 .init_array    0x0802f7d8        0x4 C:/ProgramData/MATLAB/SupportPackages/R2024b/3P.instrset/gnuarm-armcortex.instrset/win/bin/../lib/gcc/arm-none-eabi/13.2.1/thumb/v7e-m+dp/hard/crtbegin.o
                0x0802f7dc                        PROVIDE (__init_array_end = .)

.fini_array     0x0802f7dc        0x4
                [!provide]                        PROVIDE (__fini_array_start = .)
 *(SORT_BY_NAME(.fini_array.*))
 *(.fini_array*)
 .fini_array    0x0802f7dc        0x4 C:/ProgramData/MATLAB/SupportPackages/R2024b/3P.instrset/gnuarm-armcortex.instrset/win/bin/../lib/gcc/arm-none-eabi/13.2.1/thumb/v7e-m+dp/hard/crtbegin.o
                [!provide]                        PROVIDE (__fini_array_end = .)
                0x0802f7e0                        _sidata = LOADADDR (.data)

.rel.dyn        0x0802f7e0        0x0
 .rel.iplt      0x0802f7e0        0x0 C:/ProgramData/MATLAB/SupportPackages/R2024b/3P.instrset/gnuarm-armcortex.instrset/win/bin/../lib/gcc/arm-none-eabi/13.2.1/thumb/v7e-m+dp/hard/crtbegin.o

.data           0x24000000       0x68 load address 0x0802f7e0
                0x24000000                        . = ALIGN (0x4)
                0x24000000                        _sdata = .
 *(.data)
 *(.data*)
 .data.uwTickPrio
                0x24000000        0x4 stm32h7xx_hal.o
                0x24000000                uwTickPrio
 .data.uwTickFreq
                0x24000004        0x1 stm32h7xx_hal.o
                0x24000004                uwTickFreq
 *fill*         0x24000005        0x3 
 .data.SystemCoreClock
                0x24000008        0x4 system_stm32h7xx.o
                0x24000008                SystemCoreClock
 .data.SystemD2Clock
                0x2400000c        0x4 system_stm32h7xx.o
                0x2400000c                SystemD2Clock
 .data.rtNaN    0x24000010        0x8 C:/Users/Will/Desktop/OBR/Embedded/VCUSTM32/Controls/Builds/slprj/ert/_sharedutils/rtwshared.lib(rt_nonfinite.o)
                0x24000010                rtNaN
 .data._impure_ptr
                0x24000018        0x4 C:/ProgramData/MATLAB/SupportPackages/R2024b/3P.instrset/gnuarm-armcortex.instrset/win/bin/../lib/gcc/arm-none-eabi/13.2.1/thumb/v7e-m+dp/hard\libc_nano.a(libc_a-impure.o)
                0x24000018                _impure_ptr
 .data._impure_data
                0x2400001c       0x4c C:/ProgramData/MATLAB/SupportPackages/R2024b/3P.instrset/gnuarm-armcortex.instrset/win/bin/../lib/gcc/arm-none-eabi/13.2.1/thumb/v7e-m+dp/hard\libc_nano.a(libc_a-impure.o)
                0x2400001c                _impure_data
 *(.RamFunc)
 *(.RamFunc*)
                0x24000068                        . = ALIGN (0x4)
                0x24000068                        _edata = .

.tm_clone_table
                0x24000068        0x0 load address 0x0802f848
 .tm_clone_table
                0x24000068        0x0 C:/ProgramData/MATLAB/SupportPackages/R2024b/3P.instrset/gnuarm-armcortex.instrset/win/bin/../lib/gcc/arm-none-eabi/13.2.1/thumb/v7e-m+dp/hard/crtbegin.o
 .tm_clone_table
                0x24000068        0x0 C:/ProgramData/MATLAB/SupportPackages/R2024b/3P.instrset/gnuarm-armcortex.instrset/win/bin/../lib/gcc/arm-none-eabi/13.2.1/thumb/v7e-m+dp/hard/crtend.o

.igot.plt       0x24000068        0x0 load address 0x0802f848
 .igot.plt      0x24000068        0x0 C:/ProgramData/MATLAB/SupportPackages/R2024b/3P.instrset/gnuarm-armcortex.instrset/win/bin/../lib/gcc/arm-none-eabi/13.2.1/thumb/v7e-m+dp/hard/crtbegin.o
                0x24000068                        . = ALIGN (0x4)

.bss            0x24000068     0x4814 load address 0x0802f848
                0x24000068                        _sbss = .
                0x24000068                        __bss_start__ = _sbss
 *(.bss)
 *(.bss*)
 .bss.completed.1
                0x24000068        0x1 C:/ProgramData/MATLAB/SupportPackages/R2024b/3P.instrset/gnuarm-armcortex.instrset/win/bin/../lib/gcc/arm-none-eabi/13.2.1/thumb/v7e-m+dp/hard/crtbegin.o
 *fill*         0x24000069        0x3 
 .bss.object.0  0x2400006c       0x18 C:/ProgramData/MATLAB/SupportPackages/R2024b/3P.instrset/gnuarm-armcortex.instrset/win/bin/../lib/gcc/arm-none-eabi/13.2.1/thumb/v7e-m+dp/hard/crtbegin.o
 .bss.mw_spi1   0x24000084       0x18 mw_stm32_spi_ll.o
 *fill*         0x2400009c        0x4 
 .bss.ENV_B     0x240000a0      0x120 ENV.o
                0x240000a0                ENV_B
 .bss.ENV_DW    0x240001c0     0x3b58 ENV.o
                0x240001c0                ENV_DW
 .bss.ENV_U     0x24003d18      0x138 ENV.o
                0x24003d18                ENV_U
 .bss.ENV_Y     0x24003e50      0x888 ENV.o
                0x24003e50                ENV_Y
 .bss.ENV_M_    0x240046d8        0x8 ENV.o
 .bss.IsrOverrun
                0x240046e0        0x4 ert_main.o
                0x240046e0                IsrOverrun
 .bss.OverrunFlag
                0x240046e4        0x1 ert_main.o
 .bss.stopRequested
                0x240046e5        0x1 ert_main.o
                0x240046e5                stopRequested
 .bss.runModel  0x240046e6        0x1 ert_main.o
                0x240046e6                runModel
 *fill*         0x240046e7        0x1 
 .bss.schdl_counter
                0x240046e8        0x4 SysTickScheduler.o
                0x240046e8                schdl_counter
 .bss.schdl_counter_max
                0x240046ec        0x4 SysTickScheduler.o
                0x240046ec                schdl_counter_max
 .bss.taskToSchedule
                0x240046f0        0x4 m3m4m4f_multitasking.o
                0x240046f0                taskToSchedule
 .bss.htim1     0x240046f4       0x4c stm32h7xx_hal_timebase_tim.o
                0x240046f4                htim1